To honour the JVM settings for this build a single-use Daemon process will be forked. For more on this, please refer to https://docs.gradle.org/8.12/userguide/gradle_daemon.html#sec:disabling_the_daemon in the Gradle documentation.
Daemon will be stopped at the end of the build 
> Task :createMinecraftArtifacts UP-TO-DATE

> Task :compileJava
./gradlew : 璀﹀憡: 鏈煡鐨勬灇涓惧父閲?Dist.CLIENT
所在位置 行:1 字符: 74
+ ... lArm-1.21.1-neoforge"; ./gradlew compileJava --no-daemon 2>&1 | Out-F ...
+                            ~~~~~~~~~~~~~~~~~~~~~~~~~~~~~~~~~~~~~~
    + CategoryInfo          : NotSpecified: (璀﹀憡: 鏈煡鐨勬灇涓惧父閲?Dist.CLIENT:String) [], RemoteException
    + FullyQualifiedErrorId : NativeCommandError
 
  鍘熷洜: 鎵句笉鍒皀et.minecraftforge.api.distmarker.Dist鐨勭被鏂囦欢
璀﹀憡: 鏈煡鐨勬灇涓惧父閲?Dist.CLIENT
璀﹀憡: 鏈煡鐨勬灇涓惧父閲?Dist.CLIENT
璀﹀憡: 鏈煡鐨勬灇涓惧父閲?Dist.CLIENT
璀﹀憡: 鏈煡鐨勬灇涓惧父閲?Dist.CLIENT
璀﹀憡: 鏈煡鐨勬灇涓惧父閲?Dist.CLIENT
璀﹀憡: 鏈煡鐨勬灇涓惧父閲?Dist.CLIENT
璀﹀憡: 鏈煡鐨勬灇涓惧父閲?Dist.CLIENT
璀﹀憡: 鏈煡鐨勬灇涓惧父閲?Dist.CLIENT
璀﹀憡: 鏈煡鐨勬灇涓惧父閲?Dist.CLIENT
璀﹀憡: 鏈煡鐨勬灇涓惧父閲?Dist.CLIENT
璀﹀憡: 鏈煡鐨勬灇涓惧父閲?Dist.CLIENT
璀﹀憡: 鏈煡鐨勬灇涓惧父閲?Dist.CLIENT
璀﹀憡: 鏈煡鐨勬灇涓惧父閲?Dist.CLIENT
C:\Users\m\Downloads\绉绘\Create-SentryMechanicalArm-1.21.1-neoforge\src\main\java\euphy\upo\sentrymechanicalarm\content
\BlazeFireControlBlockItem.java:18: 璀﹀憡: [removal] Item 涓殑 initializeClient(Consumer<IClientItemExtensions>) 宸茶繃鏃? 涓旀爣
璁颁负寰呭垹闄?    public void initializeClient(Consumer<IClientItemExtensions> consumer) {
                ^
璀﹀憡: 鏈煡鐨勬灇涓惧父閲?Dist.CLIENT
C:\Users\m\Downloads\绉绘\Create-SentryMechanicalArm-1.21.1-neoforge\src\main\java\euphy\upo\sentrymechanicalarm\content
\SentryArmBlockEntity.java:1590: 閿欒: 涓嶅吋瀹圭殑绫诲瀷: Optional<BlockPos>鏃犳硶杞崲涓築lockPos
            this.cachedTargetBlock = NbtUtils.readBlockPos(compound, "TargetBlock");
                                                          ^
C:\Users\m\Downloads\绉绘\Create-SentryMechanicalArm-1.21.1-neoforge\src\main\java\euphy\upo\sentrymechanicalarm\content
\SentryArmBlockEntity.java:1595: 閿欒: 涓嶅吋瀹圭殑绫诲瀷: Optional<BlockPos>鏃犳硶杞崲涓築lockPos
            this.connectedFireControlPos = NbtUtils.readBlockPos(compound, "FireControlPos");
                                                                ^
C:\Users\m\Downloads\绉绘\Create-SentryMechanicalArm-1.21.1-neoforge\src\main\java\euphy\upo\sentrymechanicalarm\content
\SentryArmBlockEntity.java:1618: 閿欒: 鏂规硶涓嶄細瑕嗙洊鎴栧疄鐜拌秴绫诲瀷鐨勬柟娉?    @Override
    ^
C:\Users\m\Downloads\绉绘\Create-SentryMechanicalArm-1.21.1-neoforge\src\main\java\euphy\upo\sentrymechanicalarm\content
\SentryArmBlockEntity.java:1620: 閿欒: 鏃犳硶灏嗙被 KineticBlockEntity涓殑鏂规硶 write搴旂敤鍒扮粰瀹氱被鍨?
        super.write(compound, clientPacket);
             ^
  闇€瑕? CompoundTag,Provider,boolean
  鎵惧埌:    CompoundTag,boolean
  鍘熷洜: 瀹為檯鍙傛暟鍒楄〃鍜屽舰寮忓弬鏁板垪琛ㄩ暱搴︿笉鍚?
C:\Users\m\Downloads\绉绘\Create-SentryMechanicalArm-1.21.1-neoforge\src\main\java\euphy\upo\sentrymechanicalarm\content
\SentryArmBlockEntity.java:1623: 閿欒: 涓嶅吋瀹圭殑绫诲瀷: CompoundTag鏃犳硶杞崲涓篜rovider
            compound.put("SentryHeldItem", heldItem.save(new CompoundTag()));
                                                         ^
C:\Users\m\Downloads\绉绘\Create-SentryMechanicalArm-1.21.1-neoforge\src\main\java\euphy\upo\sentrymechanicalarm\content
\SentryArmBlockEntity.java:1626: 閿欒: 瀵逛簬saveAllItems(CompoundTag,NonNullList<ItemStack>), 鎵句笉鍒板悎閫傜殑鏂规硶
        ContainerHelper.saveAllItems(ammoTag, this.attachedAmmoBoxes);
                       ^
    鏂规硶 ContainerHelper.saveAllItems(CompoundTag,NonNullList<ItemStack>,Provider)涓嶉€傜敤
      (瀹為檯鍙傛暟鍒楄〃鍜屽舰寮忓弬鏁板垪琛ㄩ暱搴︿笉鍚?
    鏂规硶 ContainerHelper.saveAllItems(CompoundTag,NonNullList<ItemStack>,boolean,Provider)涓嶉€傜敤
      (瀹為檯鍙傛暟鍒楄〃鍜屽舰寮忓弬鏁板垪琛ㄩ暱搴︿笉鍚?
C:\Users\m\Downloads\绉绘\Create-SentryMechanicalArm-1.21.1-neoforge\src\main\java\euphy\upo\sentrymechanicalarm\content
\SentryArmBlockEntity.java:1722: 閿欒: 鏂规硶涓嶄細瑕嗙洊鎴栧疄鐜拌秴绫诲瀷鐨勬柟娉?            @Override
            ^
C:\Users\m\Downloads\绉绘\Create-SentryMechanicalArm-1.21.1-neoforge\src\main\java\euphy\upo\sentrymechanicalarm\network
\SentryShootPacket.java:31: 閿欒: 瀵逛簬composite(StreamCodec<ByteBuf,BlockPos>,SentryShoo[...]::pos,StreamCodec<ByteBuf,In
teger>,SentryShoo[...]Index,NbtOps,Codec<CompoundTag>,SentryShoo[...]emTag,StreamCodec<RegistryFriendlyByteBuf,Vec3>,Se
ntryShoo[...]Start,StreamCodec<RegistryFriendlyByteBuf,Vec3>,SentryShoo[...]alEnd,StreamCodec<ByteBuf,Integer>,(t)->t.o
rdinal(),SentryShoo[...]nType,SentryShoo[...]::new), 鎵句笉鍒板悎閫傜殑鏂规硶
public static final StreamCodec<FriendlyByteBuf, SentryShootPacket> CODEC = StreamCodec.composite(
                                                                                       ^
    鏂规硶 StreamCodec.<B#1,C#1,T1#1>composite(StreamCodec<? super B#1,T1#1>,Function<C#1,T1#1>,Function<T1#1,C#1>)涓嶉€傜敤
      (鏃犳硶鎺ㄦ柇绫诲瀷鍙橀噺 B#1,C#1,T1#1
        (瀹為檯鍙傛暟鍒楄〃鍜屽舰寮忓弬鏁板垪琛ㄩ暱搴︿笉鍚?)
    鏂规硶 StreamCodec.<B#2,C#2,T1#2,T2#1>composite(StreamCodec<? super B#2,T1#2>,Function<C#2,T1#2>,StreamCodec<? super B
#2,T2#1>,Function<C#2,T2#1>,BiFunction<T1#2,T2#1,C#2>)涓嶉€傜敤
      (鏃犳硶鎺ㄦ柇绫诲瀷鍙橀噺 B#2,C#2,T1#2,T2#1
        (瀹為檯鍙傛暟鍒楄〃鍜屽舰寮忓弬鏁板垪琛ㄩ暱搴︿笉鍚?)
    鏂规硶 StreamCodec.<B#3,C#3,T1#3,T2#2,T3#1>composite(StreamCodec<? super B#3,T1#3>,Function<C#3,T1#3>,StreamCodec<? su
per B#3,T2#2>,Function<C#3,T2#2>,StreamCodec<? super B#3,T3#1>,Function<C#3,T3#1>,Function3<T1#3,T2#2,T3#1,C#3>)涓嶉€傜敤
      (鏃犳硶鎺ㄦ柇绫诲瀷鍙橀噺 B#3,C#3,T1#3,T2#2,T3#1
        (瀹為檯鍙傛暟鍒楄〃鍜屽舰寮忓弬鏁板垪琛ㄩ暱搴︿笉鍚?)
    鏂规硶 StreamCodec.<B#4,C#4,T1#4,T2#3,T3#2,T4#1>composite(StreamCodec<? super B#4,T1#4>,Function<C#4,T1#4>,StreamCodec
<? super B#4,T2#3>,Function<C#4,T2#3>,StreamCodec<? super B#4,T3#2>,Function<C#4,T3#2>,StreamCodec<? super B#4,T4#1>,Fu
nction<C#4,T4#1>,Function4<T1#4,T2#3,T3#2,T4#1,C#4>)涓嶉€傜敤
      (鏃犳硶鎺ㄦ柇绫诲瀷鍙橀噺 B#4,C#4,T1#4,T2#3,T3#2,T4#1
        (瀹為檯鍙傛暟鍒楄〃鍜屽舰寮忓弬鏁板垪琛ㄩ暱搴︿笉鍚?)
    鏂规硶 StreamCodec.<B#5,C#5,T1#5,T2#4,T3#3,T4#2,T5#1>composite(StreamCodec<? super B#5,T1#5>,Function<C#5,T1#5>,Stream
Codec<? super B#5,T2#4>,Function<C#5,T2#4>,StreamCodec<? super B#5,T3#3>,Function<C#5,T3#3>,StreamCodec<? super B#5,T4#
2>,Function<C#5,T4#2>,StreamCodec<? super B#5,T5#1>,Function<C#5,T5#1>,Function5<T1#5,T2#4,T3#3,T4#2,T5#1,C#5>)涓嶉€傜敤
      (鏃犳硶鎺ㄦ柇绫诲瀷鍙橀噺 B#5,C#5,T1#5,T2#4,T3#3,T4#2,T5#1
        (瀹為檯鍙傛暟鍒楄〃鍜屽舰寮忓弬鏁板垪琛ㄩ暱搴︿笉鍚?)
    鏂规硶 StreamCodec.<B#6,C#6,T1#6,T2#5,T3#4,T4#3,T5#2,T6>composite(StreamCodec<? super B#6,T1#6>,Function<C#6,T1#6>,Str
eamCodec<? super B#6,T2#5>,Function<C#6,T2#5>,StreamCodec<? super B#6,T3#4>,Function<C#6,T3#4>,StreamCodec<? super B#6,
T4#3>,Function<C#6,T4#3>,StreamCodec<? super B#6,T5#2>,Function<C#6,T5#2>,StreamCodec<? super B#6,T6>,Function<C#6,T6>,
Function6<T1#6,T2#5,T3#4,T4#3,T5#2,T6,C#6>)涓嶉€傜敤
      (鏃犳硶鎺ㄦ柇绫诲瀷鍙橀噺 B#6,C#6,T1#6,T2#5,T3#4,T4#3,T5#2,T6
        (瀹為檯鍙傛暟鍒楄〃鍜屽舰寮忓弬鏁板垪琛ㄩ暱搴︿笉鍚?)
  鍏朵腑, B#1,C#1,T1#1,B#2,C#2,T1#2,T2#1,B#3,C#3,T1#3,T2#2,T3#1,B#4,C#4,T1#4,T2#3,T3#2,T4#1,B#5,C#5,T1#5,T2#4,T3#3,T4#2,T5
#1,B#6,C#6,T1#6,T2#5,T3#4,T4#3,T5#2,T6鏄被鍨嬪彉閲?
    B#1鎵╁睍宸插湪鏂规硶 <B#1,C#1,T1#1>composite(StreamCodec<? super B#1,T1#1>,Function<C#1,T1#1>,Function<T1#1,C#1>)涓０鏄庣殑Obje
ct
    C#1鎵╁睍宸插湪鏂规硶 <B#1,C#1,T1#1>composite(StreamCodec<? super B#1,T1#1>,Function<C#1,T1#1>,Function<T1#1,C#1>)涓０鏄庣殑Obje
ct
    T1#1鎵╁睍宸插湪鏂规硶 <B#1,C#1,T1#1>composite(StreamCodec<? super B#1,T1#1>,Function<C#1,T1#1>,Function<T1#1,C#1>)涓０鏄庣殑Obj
ect
    B#2鎵╁睍宸插湪鏂规硶 <B#2,C#2,T1#2,T2#1>composite(StreamCodec<? super B#2,T1#2>,Function<C#2,T1#2>,StreamCodec<? super B#2,
T2#1>,Function<C#2,T2#1>,BiFunction<T1#2,T2#1,C#2>)涓０鏄庣殑Object
    C#2鎵╁睍宸插湪鏂规硶 <B#2,C#2,T1#2,T2#1>composite(StreamCodec<? super B#2,T1#2>,Function<C#2,T1#2>,StreamCodec<? super B#2,
T2#1>,Function<C#2,T2#1>,BiFunction<T1#2,T2#1,C#2>)涓０鏄庣殑Object
    T1#2鎵╁睍宸插湪鏂规硶 <B#2,C#2,T1#2,T2#1>composite(StreamCodec<? super B#2,T1#2>,Function<C#2,T1#2>,StreamCodec<? super B#2
,T2#1>,Function<C#2,T2#1>,BiFunction<T1#2,T2#1,C#2>)涓０鏄庣殑Object
    T2#1鎵╁睍宸插湪鏂规硶 <B#2,C#2,T1#2,T2#1>composite(StreamCodec<? super B#2,T1#2>,Function<C#2,T1#2>,StreamCodec<? super B#2
,T2#1>,Function<C#2,T2#1>,BiFunction<T1#2,T2#1,C#2>)涓０鏄庣殑Object
    B#3鎵╁睍宸插湪鏂规硶 <B#3,C#3,T1#3,T2#2,T3#1>composite(StreamCodec<? super B#3,T1#3>,Function<C#3,T1#3>,StreamCodec<? super
 B#3,T2#2>,Function<C#3,T2#2>,StreamCodec<? super B#3,T3#1>,Function<C#3,T3#1>,Function3<T1#3,T2#2,T3#1,C#3>)涓０鏄庣殑Obje
ct
    C#3鎵╁睍宸插湪鏂规硶 <B#3,C#3,T1#3,T2#2,T3#1>composite(StreamCodec<? super B#3,T1#3>,Function<C#3,T1#3>,StreamCodec<? super
 B#3,T2#2>,Function<C#3,T2#2>,StreamCodec<? super B#3,T3#1>,Function<C#3,T3#1>,Function3<T1#3,T2#2,T3#1,C#3>)涓０鏄庣殑Obje
ct
    T1#3鎵╁睍宸插湪鏂规硶 <B#3,C#3,T1#3,T2#2,T3#1>composite(StreamCodec<? super B#3,T1#3>,Function<C#3,T1#3>,StreamCodec<? supe
r B#3,T2#2>,Function<C#3,T2#2>,StreamCodec<? super B#3,T3#1>,Function<C#3,T3#1>,Function3<T1#3,T2#2,T3#1,C#3>)涓０鏄庣殑Obj
ect
    T2#2鎵╁睍宸插湪鏂规硶 <B#3,C#3,T1#3,T2#2,T3#1>composite(StreamCodec<? super B#3,T1#3>,Function<C#3,T1#3>,StreamCodec<? supe
r B#3,T2#2>,Function<C#3,T2#2>,StreamCodec<? super B#3,T3#1>,Function<C#3,T3#1>,Function3<T1#3,T2#2,T3#1,C#3>)涓０鏄庣殑Obj
ect
    T3#1鎵╁睍宸插湪鏂规硶 <B#3,C#3,T1#3,T2#2,T3#1>composite(StreamCodec<? super B#3,T1#3>,Function<C#3,T1#3>,StreamCodec<? supe
r B#3,T2#2>,Function<C#3,T2#2>,StreamCodec<? super B#3,T3#1>,Function<C#3,T3#1>,Function3<T1#3,T2#2,T3#1,C#3>)涓０鏄庣殑Obj
ect
    B#4鎵╁睍宸插湪鏂规硶 <B#4,C#4,T1#4,T2#3,T3#2,T4#1>composite(StreamCodec<? super B#4,T1#4>,Function<C#4,T1#4>,StreamCodec<? 
super B#4,T2#3>,Function<C#4,T2#3>,StreamCodec<? super B#4,T3#2>,Function<C#4,T3#2>,StreamCodec<? super B#4,T4#1>,Funct
ion<C#4,T4#1>,Function4<T1#4,T2#3,T3#2,T4#1,C#4>)涓０鏄庣殑Object
    C#4鎵╁睍宸插湪鏂规硶 <B#4,C#4,T1#4,T2#3,T3#2,T4#1>composite(StreamCodec<? super B#4,T1#4>,Function<C#4,T1#4>,StreamCodec<? 
super B#4,T2#3>,Function<C#4,T2#3>,StreamCodec<? super B#4,T3#2>,Function<C#4,T3#2>,StreamCodec<? super B#4,T4#1>,Funct
ion<C#4,T4#1>,Function4<T1#4,T2#3,T3#2,T4#1,C#4>)涓０鏄庣殑Object
    T1#4鎵╁睍宸插湪鏂规硶 <B#4,C#4,T1#4,T2#3,T3#2,T4#1>composite(StreamCodec<? super B#4,T1#4>,Function<C#4,T1#4>,StreamCodec<?
 super B#4,T2#3>,Function<C#4,T2#3>,StreamCodec<? super B#4,T3#2>,Function<C#4,T3#2>,StreamCodec<? super B#4,T4#1>,Func
tion<C#4,T4#1>,Function4<T1#4,T2#3,T3#2,T4#1,C#4>)涓０鏄庣殑Object
    T2#3鎵╁睍宸插湪鏂规硶 <B#4,C#4,T1#4,T2#3,T3#2,T4#1>composite(StreamCodec<? super B#4,T1#4>,Function<C#4,T1#4>,StreamCodec<?
 super B#4,T2#3>,Function<C#4,T2#3>,StreamCodec<? super B#4,T3#2>,Function<C#4,T3#2>,StreamCodec<? super B#4,T4#1>,Func
tion<C#4,T4#1>,Function4<T1#4,T2#3,T3#2,T4#1,C#4>)涓０鏄庣殑Object
    T3#2鎵╁睍宸插湪鏂规硶 <B#4,C#4,T1#4,T2#3,T3#2,T4#1>composite(StreamCodec<? super B#4,T1#4>,Function<C#4,T1#4>,StreamCodec<?
 super B#4,T2#3>,Function<C#4,T2#3>,StreamCodec<? super B#4,T3#2>,Function<C#4,T3#2>,StreamCodec<? super B#4,T4#1>,Func
tion<C#4,T4#1>,Function4<T1#4,T2#3,T3#2,T4#1,C#4>)涓０鏄庣殑Object
    T4#1鎵╁睍宸插湪鏂规硶 <B#4,C#4,T1#4,T2#3,T3#2,T4#1>composite(StreamCodec<? super B#4,T1#4>,Function<C#4,T1#4>,StreamCodec<?
 super B#4,T2#3>,Function<C#4,T2#3>,StreamCodec<? super B#4,T3#2>,Function<C#4,T3#2>,StreamCodec<? super B#4,T4#1>,Func
tion<C#4,T4#1>,Function4<T1#4,T2#3,T3#2,T4#1,C#4>)涓０鏄庣殑Object
    B#5鎵╁睍宸插湪鏂规硶 <B#5,C#5,T1#5,T2#4,T3#3,T4#2,T5#1>composite(StreamCodec<? super B#5,T1#5>,Function<C#5,T1#5>,StreamCod
ec<? super B#5,T2#4>,Function<C#5,T2#4>,StreamCodec<? super B#5,T3#3>,Function<C#5,T3#3>,StreamCodec<? super B#5,T4#2>,
Function<C#5,T4#2>,StreamCodec<? super B#5,T5#1>,Function<C#5,T5#1>,Function5<T1#5,T2#4,T3#3,T4#2,T5#1,C#5>)涓０鏄庣殑Objec
t
    C#5鎵╁睍宸插湪鏂规硶 <B#5,C#5,T1#5,T2#4,T3#3,T4#2,T5#1>composite(StreamCodec<? super B#5,T1#5>,Function<C#5,T1#5>,StreamCod
ec<? super B#5,T2#4>,Function<C#5,T2#4>,StreamCodec<? super B#5,T3#3>,Function<C#5,T3#3>,StreamCodec<? super B#5,T4#2>,
Function<C#5,T4#2>,StreamCodec<? super B#5,T5#1>,Function<C#5,T5#1>,Function5<T1#5,T2#4,T3#3,T4#2,T5#1,C#5>)涓０鏄庣殑Objec
t
    T1#5鎵╁睍宸插湪鏂规硶 <B#5,C#5,T1#5,T2#4,T3#3,T4#2,T5#1>composite(StreamCodec<? super B#5,T1#5>,Function<C#5,T1#5>,StreamCo
dec<? super B#5,T2#4>,Function<C#5,T2#4>,StreamCodec<? super B#5,T3#3>,Function<C#5,T3#3>,StreamCodec<? super B#5,T4#2>
,Function<C#5,T4#2>,StreamCodec<? super B#5,T5#1>,Function<C#5,T5#1>,Function5<T1#5,T2#4,T3#3,T4#2,T5#1,C#5>)涓０鏄庣殑Obje
ct
    T2#4鎵╁睍宸插湪鏂规硶 <B#5,C#5,T1#5,T2#4,T3#3,T4#2,T5#1>composite(StreamCodec<? super B#5,T1#5>,Function<C#5,T1#5>,StreamCo
dec<? super B#5,T2#4>,Function<C#5,T2#4>,StreamCodec<? super B#5,T3#3>,Function<C#5,T3#3>,StreamCodec<? super B#5,T4#2>
,Function<C#5,T4#2>,StreamCodec<? super B#5,T5#1>,Function<C#5,T5#1>,Function5<T1#5,T2#4,T3#3,T4#2,T5#1,C#5>)涓０鏄庣殑Obje
ct
    T3#3鎵╁睍宸插湪鏂规硶 <B#5,C#5,T1#5,T2#4,T3#3,T4#2,T5#1>composite(StreamCodec<? super B#5,T1#5>,Function<C#5,T1#5>,StreamCo
dec<? super B#5,T2#4>,Function<C#5,T2#4>,StreamCodec<? super B#5,T3#3>,Function<C#5,T3#3>,StreamCodec<? super B#5,T4#2>
,Function<C#5,T4#2>,StreamCodec<? super B#5,T5#1>,Function<C#5,T5#1>,Function5<T1#5,T2#4,T3#3,T4#2,T5#1,C#5>)涓０鏄庣殑Obje
ct
    T4#2鎵╁睍宸插湪鏂规硶 <B#5,C#5,T1#5,T2#4,T3#3,T4#2,T5#1>composite(StreamCodec<? super B#5,T1#5>,Function<C#5,T1#5>,StreamCo
dec<? super B#5,T2#4>,Function<C#5,T2#4>,StreamCodec<? super B#5,T3#3>,Function<C#5,T3#3>,StreamCodec<? super B#5,T4#2>
,Function<C#5,T4#2>,StreamCodec<? super B#5,T5#1>,Function<C#5,T5#1>,Function5<T1#5,T2#4,T3#3,T4#2,T5#1,C#5>)涓０鏄庣殑Obje
ct
    T5#1鎵╁睍宸插湪鏂规硶 <B#5,C#5,T1#5,T2#4,T3#3,T4#2,T5#1>composite(StreamCodec<? super B#5,T1#5>,Function<C#5,T1#5>,StreamCo
dec<? super B#5,T2#4>,Function<C#5,T2#4>,StreamCodec<? super B#5,T3#3>,Function<C#5,T3#3>,StreamCodec<? super B#5,T4#2>
,Function<C#5,T4#2>,StreamCodec<? super B#5,T5#1>,Function<C#5,T5#1>,Function5<T1#5,T2#4,T3#3,T4#2,T5#1,C#5>)涓０鏄庣殑Obje
ct
    B#6鎵╁睍宸插湪鏂规硶 <B#6,C#6,T1#6,T2#5,T3#4,T4#3,T5#2,T6>composite(StreamCodec<? super B#6,T1#6>,Function<C#6,T1#6>,Stream
Codec<? super B#6,T2#5>,Function<C#6,T2#5>,StreamCodec<? super B#6,T3#4>,Function<C#6,T3#4>,StreamCodec<? super B#6,T4#
3>,Function<C#6,T4#3>,StreamCodec<? super B#6,T5#2>,Function<C#6,T5#2>,StreamCodec<? super B#6,T6>,Function<C#6,T6>,Fun
ction6<T1#6,T2#5,T3#4,T4#3,T5#2,T6,C#6>)涓０鏄庣殑Object
    C#6鎵╁睍宸插湪鏂规硶 <B#6,C#6,T1#6,T2#5,T3#4,T4#3,T5#2,T6>composite(StreamCodec<? super B#6,T1#6>,Function<C#6,T1#6>,Stream
Codec<? super B#6,T2#5>,Function<C#6,T2#5>,StreamCodec<? super B#6,T3#4>,Function<C#6,T3#4>,StreamCodec<? super B#6,T4#
3>,Function<C#6,T4#3>,StreamCodec<? super B#6,T5#2>,Function<C#6,T5#2>,StreamCodec<? super B#6,T6>,Function<C#6,T6>,Fun
ction6<T1#6,T2#5,T3#4,T4#3,T5#2,T6,C#6>)涓０鏄庣殑Object
    T1#6鎵╁睍宸插湪鏂规硶 <B#6,C#6,T1#6,T2#5,T3#4,T4#3,T5#2,T6>composite(StreamCodec<? super B#6,T1#6>,Function<C#6,T1#6>,Strea
mCodec<? super B#6,T2#5>,Function<C#6,T2#5>,StreamCodec<? super B#6,T3#4>,Function<C#6,T3#4>,StreamCodec<? super B#6,T4
#3>,Function<C#6,T4#3>,StreamCodec<? super B#6,T5#2>,Function<C#6,T5#2>,StreamCodec<? super B#6,T6>,Function<C#6,T6>,Fu
nction6<T1#6,T2#5,T3#4,T4#3,T5#2,T6,C#6>)涓０鏄庣殑Object
    T2#5鎵╁睍宸插湪鏂规硶 <B#6,C#6,T1#6,T2#5,T3#4,T4#3,T5#2,T6>composite(StreamCodec<? super B#6,T1#6>,Function<C#6,T1#6>,Strea
mCodec<? super B#6,T2#5>,Function<C#6,T2#5>,StreamCodec<? super B#6,T3#4>,Function<C#6,T3#4>,StreamCodec<? super B#6,T4
#3>,Function<C#6,T4#3>,StreamCodec<? super B#6,T5#2>,Function<C#6,T5#2>,StreamCodec<? super B#6,T6>,Function<C#6,T6>,Fu
nction6<T1#6,T2#5,T3#4,T4#3,T5#2,T6,C#6>)涓０鏄庣殑Object
    T3#4鎵╁睍宸插湪鏂规硶 <B#6,C#6,T1#6,T2#5,T3#4,T4#3,T5#2,T6>composite(StreamCodec<? super B#6,T1#6>,Function<C#6,T1#6>,Strea
mCodec<? super B#6,T2#5>,Function<C#6,T2#5>,StreamCodec<? super B#6,T3#4>,Function<C#6,T3#4>,StreamCodec<? super B#6,T4
#3>,Function<C#6,T4#3>,StreamCodec<? super B#6,T5#2>,Function<C#6,T5#2>,StreamCodec<? super B#6,T6>,Function<C#6,T6>,Fu
nction6<T1#6,T2#5,T3#4,T4#3,T5#2,T6,C#6>)涓０鏄庣殑Object
    T4#3鎵╁睍宸插湪鏂规硶 <B#6,C#6,T1#6,T2#5,T3#4,T4#3,T5#2,T6>composite(StreamCodec<? super B#6,T1#6>,Function<C#6,T1#6>,Strea
mCodec<? super B#6,T2#5>,Function<C#6,T2#5>,StreamCodec<? super B#6,T3#4>,Function<C#6,T3#4>,StreamCodec<? super B#6,T4
#3>,Function<C#6,T4#3>,StreamCodec<? super B#6,T5#2>,Function<C#6,T5#2>,StreamCodec<? super B#6,T6>,Function<C#6,T6>,Fu
nction6<T1#6,T2#5,T3#4,T4#3,T5#2,T6,C#6>)涓０鏄庣殑Object
    T5#2鎵╁睍宸插湪鏂规硶 <B#6,C#6,T1#6,T2#5,T3#4,T4#3,T5#2,T6>composite(StreamCodec<? super B#6,T1#6>,Function<C#6,T1#6>,Strea
mCodec<? super B#6,T2#5>,Function<C#6,T2#5>,StreamCodec<? super B#6,T3#4>,Function<C#6,T3#4>,StreamCodec<? super B#6,T4
#3>,Function<C#6,T4#3>,StreamCodec<? super B#6,T5#2>,Function<C#6,T5#2>,StreamCodec<? super B#6,T6>,Function<C#6,T6>,Fu
nction6<T1#6,T2#5,T3#4,T4#3,T5#2,T6,C#6>)涓０鏄庣殑Object
    T6鎵╁睍宸插湪鏂规硶 <B#6,C#6,T1#6,T2#5,T3#4,T4#3,T5#2,T6>composite(StreamCodec<? super B#6,T1#6>,Function<C#6,T1#6>,StreamC
odec<? super B#6,T2#5>,Function<C#6,T2#5>,StreamCodec<? super B#6,T3#4>,Function<C#6,T3#4>,StreamCodec<? super B#6,T4#3
>,Function<C#6,T4#3>,StreamCodec<? super B#6,T5#2>,Function<C#6,T5#2>,StreamCodec<? super B#6,T6>,Function<C#6,T6>,Func
tion6<T1#6,T2#5,T3#4,T4#3,T5#2,T6,C#6>)涓０鏄庣殑Object
C:\Users\m\Downloads\绉绘\Create-SentryMechanicalArm-1.21.1-neoforge\src\main\java\euphy\upo\sentrymechanicalarm\content
\SentryArmRenderer.java:346: 閿欒: 鎵句笉鍒扮鍙?        consumer.vertex(pose, x, y, z)
                ^
  绗﹀彿:   鏂规硶 vertex(Matrix4f,float,float,float)
  浣嶇疆: 绫诲瀷涓篤ertexConsumer鐨勫彉閲?consumer
C:\Users\m\Downloads\绉绘\Create-SentryMechanicalArm-1.21.1-neoforge\src\main\java\euphy\upo\sentrymechanicalarm\content
\SentryArmRenderer.java:549: 閿欒: 鎵句笉鍒扮鍙?                    newBE.setHeldItem(ItemStack.of(context.blockEntityData.ge
tCompound("SentryHeldItem")));
                                               ^
  绗﹀彿:   鏂规硶 of(CompoundTag)
  浣嶇疆: 绫?ItemStack
C:\Users\m\Downloads\绉绘\Create-SentryMechanicalArm-1.21.1-neoforge\src\main\java\euphy\upo\sentrymechanicalarm\content
\SentryArmRenderer.java:552: 閿欒: 鏃犳硶灏嗙被 ContainerHelper涓殑鏂规硶 loadAllItems搴旂敤鍒扮粰瀹氱被鍨?
                    net.minecraft.world.ContainerHelper.loadAllItems(context.blockEntityData.getCompound("SentryAmmoBox
es"), newBE.attachedAmmoBoxes);
                                                       ^
  闇€瑕? CompoundTag,NonNullList<ItemStack>,Provider
  鎵惧埌:    CompoundTag,NonNullList<ItemStack>
  鍘熷洜: 瀹為檯鍙傛暟鍒楄〃鍜屽舰寮忓弬鏁板垪琛ㄩ暱搴︿笉鍚?
C:\Users\m\Downloads\绉绘\Create-SentryMechanicalArm-1.21.1-neoforge\src\main\java\euphy\upo\sentrymechanicalarm\content
\SentryArmRenderer.java:910: 閿欒: 鎵句笉鍒扮鍙?        consumer.vertex(pose, x, y, z)
                ^
  绗﹀彿:   鏂规硶 vertex(Matrix4f,float,float,float)
  浣嶇疆: 绫诲瀷涓篤ertexConsumer鐨勫彉閲?consumer
C:\Users\m\Downloads\绉绘\Create-SentryMechanicalArm-1.21.1-neoforge\src\main\java\euphy\upo\sentrymechanicalarm\content
\SentryEventHandler.java:44: 閿欒: 鏃犳硶璁块棶Event
        if (event.getLevel().isClientSide()) return;
                 ^
  鎵句笉鍒皀et.minecraftforge.eventbus.api.Event鐨勭被鏂囦欢
C:\Users\m\Downloads\绉绘\Create-SentryMechanicalArm-1.21.1-neoforge\src\main\java\euphy\upo\sentrymechanicalarm\content
\SentryEventHandler.java:82: 閿欒: 鎵句笉鍒扮鍙?                    IItemHandler handler = targetBE.getCapability(Capabilitie
s.ITEM_HANDLER, Direction.UP).orElse(null);
                                                                              ^
  绗﹀彿:   鍙橀噺 ITEM_HANDLER
  浣嶇疆: 绫?Capabilities
C:\Users\m\Downloads\绉绘\Create-SentryMechanicalArm-1.21.1-neoforge\src\main\java\euphy\upo\sentrymechanicalarm\content
\SentryEventHandler.java:87: 閿欒: 鏃犳硶璁块棶ItemEntry
                        ItemStack nuggets = new ItemStack(AllItems.EXP_NUGGET.get(), nuggetCount);
                                                                             ^
  鎵句笉鍒癱om.tterrag.registrate.util.entry.ItemEntry鐨勭被鏂囦欢
C:\Users\m\Downloads\绉绘\Create-SentryMechanicalArm-1.21.1-neoforge\src\main\java\euphy\upo\sentrymechanicalarm\content
\SentryEventHandler.java:139: 閿欒: 鎵句笉鍒扮鍙?            IItemHandler handler = targetBE.getCapability(Capabilities.ITEM_
HANDLER, Direction.UP).orElse(null);
                                                                      ^
  绗﹀彿:   鍙橀噺 ITEM_HANDLER
  浣嶇疆: 绫?Capabilities
C:\Users\m\Downloads\绉绘\Create-SentryMechanicalArm-1.21.1-neoforge\src\main\java\euphy\upo\sentrymechanicalarm\content
\SentryInteractionEvents.java:89: 閿欒: 鎵句笉鍒扮鍙?            CompoundTag tag = stack.getOrCreateTag();
                                   ^
  绗﹀彿:   鏂规硶 getOrCreateTag()
  浣嶇疆: 绫诲瀷涓篒temStack鐨勫彉閲?stack
C:\Users\m\Downloads\绉绘\Create-SentryMechanicalArm-1.21.1-neoforge\src\main\java\euphy\upo\sentrymechanicalarm\content
\SentryMovementBehaviour.java:67: 閿欒: 鏃犳硶灏嗙被 SentryArmBlockEntity涓殑鏂规硶 read搴旂敤鍒扮粰瀹氱被鍨?
        virtualBE.read(context.blockEntityData, false);
                 ^
  闇€瑕? CompoundTag,Provider,boolean
  鎵惧埌:    CompoundTag,boolean
  鍘熷洜: 瀹為檯鍙傛暟鍒楄〃鍜屽舰寮忓弬鏁板垪琛ㄩ暱搴︿笉鍚?
C:\Users\m\Downloads\绉绘\Create-SentryMechanicalArm-1.21.1-neoforge\src\main\java\euphy\upo\sentrymechanicalarm\content
\SentryMovementBehaviour.java:85: 閿欒: 鏃犳硶灏嗙被 SentryArmBlockEntity涓殑鏂规硶 read搴旂敤鍒扮粰瀹氱被鍨?
            virtualBE.read(context.blockEntityData, false);
                     ^
  闇€瑕? CompoundTag,Provider,boolean
  鎵惧埌:    CompoundTag,boolean
  鍘熷洜: 瀹為檯鍙傛暟鍒楄〃鍜屽舰寮忓弬鏁板垪琛ㄩ暱搴︿笉鍚?
C:\Users\m\Downloads\绉绘\Create-SentryMechanicalArm-1.21.1-neoforge\src\main\java\euphy\upo\sentrymechanicalarm\content
\UnfinishedAmmoItem.java:21: 閿欒: 鎵句笉鍒扮鍙?        if (stack.hasTag() && stack.getTag().contains("AmmoId")) {
                 ^
  绗﹀彿:   鏂规硶 hasTag()
  浣嶇疆: 绫诲瀷涓篒temStack鐨勫彉閲?stack
C:\Users\m\Downloads\绉绘\Create-SentryMechanicalArm-1.21.1-neoforge\src\main\java\euphy\upo\sentrymechanicalarm\content
\UnfinishedAmmoItem.java:21: 閿欒: 鎵句笉鍒扮鍙?        if (stack.hasTag() && stack.getTag().contains("AmmoId")) {
                                   ^
  绗﹀彿:   鏂规硶 getTag()
  浣嶇疆: 绫诲瀷涓篒temStack鐨勫彉閲?stack
C:\Users\m\Downloads\绉绘\Create-SentryMechanicalArm-1.21.1-neoforge\src\main\java\euphy\upo\sentrymechanicalarm\content
\UnfinishedAmmoItem.java:22: 閿欒: 鎵句笉鍒扮鍙?            String ammoIdStr = stack.getTag().getString("AmmoId");
                                    ^
  绗﹀彿:   鏂规硶 getTag()
  浣嶇疆: 绫诲瀷涓篒temStack鐨勫彉閲?stack
C:\Users\m\Downloads\绉绘\Create-SentryMechanicalArm-1.21.1-neoforge\src\main\java\euphy\upo\sentrymechanicalarm\content
\UnfinishedAmmoItem.java:24: 閿欒: 鎵句笉鍒扮鍙?                cachedTacZAmmoItem = BuiltInRegistries.ITEM.getValue(Resource
Location.fromNamespaceAndPath("tacz", "ammo"));
                                                           ^
  绗﹀彿:   鏂规硶 getValue(ResourceLocation)
  浣嶇疆: 绫诲瀷涓篋efaultedRegistry<Item>鐨勫彉閲?ITEM
C:\Users\m\Downloads\绉绘\Create-SentryMechanicalArm-1.21.1-neoforge\src\main\java\euphy\upo\sentrymechanicalarm\content
\UnfinishedAmmoItem.java:31: 閿欒: 鎵句笉鍒扮鍙?                dummyStack.setTag(tag);
                          ^
  绗﹀彿:   鏂规硶 setTag(CompoundTag)
  浣嶇疆: 绫诲瀷涓篒temStack鐨勫彉閲?dummyStack
C:\Users\m\Downloads\绉绘\Create-SentryMechanicalArm-1.21.1-neoforge\src\main\java\euphy\upo\sentrymechanicalarm\datagen
\DataGenerators.java:12: 閿欒: 鏃犳硶灏嗙被 SentryRecipeProvider涓殑鏋勯€犲櫒 SentryRecipeProvider搴旂敤鍒扮粰瀹氱被鍨?
        generator.addProvider(true, new SentryRecipeProvider(packOutput));
                                    ^
  闇€瑕? PackOutput,CompletableFuture<Provider>
  鎵惧埌:    PackOutput
  鍘熷洜: 瀹為檯鍙傛暟鍒楄〃鍜屽舰寮忓弬鏁板垪琛ㄩ暱搴︿笉鍚?
C:\Users\m\Downloads\绉绘\Create-SentryMechanicalArm-1.21.1-neoforge\src\main\java\euphy\upo\sentrymechanicalarm\datagen
\SentryRecipeProvider.java:256: 閿欒: 鏃犳硶璁块棶BlockEntry
                .unlockedBy("has_mechanical_arm", has(AllBlocks.MECHANICAL_ARM.get()))
                                                                              ^
  鎵句笉鍒癱om.tterrag.registrate.util.entry.BlockEntry鐨勭被鏂囦欢
C:\Users\m\Downloads\绉绘\Create-SentryMechanicalArm-1.21.1-neoforge\src\main\java\euphy\upo\sentrymechanicalarm\datagen
\SentryRecipeProvider.java:254: 閿欒: 鏃犳硶璁块棶BlockEntry
                .requires(AllBlocks.MECHANICAL_ARM.get())
                                                  ^
  鎵句笉鍒癱om.tterrag.registrate.util.entry.BlockEntry鐨勭被鏂囦欢
C:\Users\m\Downloads\绉绘\Create-SentryMechanicalArm-1.21.1-neoforge\src\main\java\euphy\upo\sentrymechanicalarm\datagen
\SentryRecipeProvider.java:300: 閿欒: 鎵句笉鍒扮鍙?        Item taczAmmoItem = BuiltInRegistries.ITEM.getValue(ResourceLocati
on.fromNamespaceAndPath("tacz", "ammo"));
                                                  ^
  绗﹀彿:   鏂规硶 getValue(ResourceLocation)
  浣嶇疆: 绫诲瀷涓篋efaultedRegistry<Item>鐨勫彉閲?ITEM
C:\Users\m\Downloads\绉绘\Create-SentryMechanicalArm-1.21.1-neoforge\src\main\java\euphy\upo\sentrymechanicalarm\datagen
\SentryRecipeProvider.java:315: 閿欒: 鎵句笉鍒扮鍙?        CompoundTag ammoTag = new CompoundTag();
        ^
  绗﹀彿:   绫?CompoundTag
  浣嶇疆: 绫?SentryRecipeProvider
C:\Users\m\Downloads\绉绘\Create-SentryMechanicalArm-1.21.1-neoforge\src\main\java\euphy\upo\sentrymechanicalarm\datagen
\SentryRecipeProvider.java:315: 閿欒: 鎵句笉鍒扮鍙?        CompoundTag ammoTag = new CompoundTag();
                                  ^
  绗﹀彿:   绫?CompoundTag
  浣嶇疆: 绫?SentryRecipeProvider
C:\Users\m\Downloads\绉绘\Create-SentryMechanicalArm-1.21.1-neoforge\src\main\java\euphy\upo\sentrymechanicalarm\datagen
\SentryRecipeProvider.java:329: 閿欒: ProcessingRecipeBuilder鏄娊璞＄殑; 鏃犳硶瀹炰緥鍖?        new ProcessingRecipeBuilder<>(Cutti
ngRecipe::new,
        ^
C:\Users\m\Downloads\绉绘\Create-SentryMechanicalArm-1.21.1-neoforge\src\main\java\euphy\upo\sentrymechanicalarm\datagen
\SentryRecipeProvider.java:337: 閿欒: ProcessingRecipeBuilder鏄娊璞＄殑; 鏃犳硶瀹炰緥鍖?        new ProcessingRecipeBuilder<>(Deplo
yerApplicationRecipe::new,
        ^
C:\Users\m\Downloads\绉绘\Create-SentryMechanicalArm-1.21.1-neoforge\src\main\java\euphy\upo\sentrymechanicalarm\datagen
\SentryRecipeProvider.java:358: 閿欒: 瀵逛簬require(Fluid,int), 鎵句笉鍒板悎閫傜殑鏂规硶
                    builder.addStep(FillingRecipe::new, rb -> rb.require(fd.fluid, fd.amount));
                                                                ^
    鏂规硶 ProcessingRecipeBuilder.require(DatagenMod,String)涓嶉€傜敤
      (鍙傛暟涓嶅尮閰? Fluid鏃犳硶杞崲涓篋atagenMod)
    鏂规硶 ProcessingRecipeBuilder.require(FlowingFluid,int)涓嶉€傜敤
      (鍙傛暟涓嶅尮閰? Fluid鏃犳硶杞崲涓篎lowingFluid)
    鏂规硶 ProcessingRecipeBuilder.require(TagKey<Fluid>,int)涓嶉€傜敤
      (鍙傛暟涓嶅尮閰? Fluid鏃犳硶杞崲涓篢agKey<Fluid>)
C:\Users\m\Downloads\绉绘\Create-SentryMechanicalArm-1.21.1-neoforge\src\main\java\euphy\upo\sentrymechanicalarm\datagen
\SentryRecipeProvider.java:407: 閿欒: 瀵逛簬Ingredient(Stream<ItemValue>), 鎵句笉鍒板悎閫傜殑鏋勯€犲櫒
        return new Ingredient(java.util.stream.Stream.of(new Ingredient.ItemValue(stack))) {
               ^
    鏋勯€犲櫒 Ingredient.Ingredient(Stream<? extends Value>)涓嶉€傜敤
      (Ingredient(Stream<? extends Value>) 鍦?Ingredient 涓槸 private 璁块棶鎺у埗)
    鏋勯€犲櫒 Ingredient.Ingredient(Value[])涓嶉€傜敤
      (鍙傛暟涓嶅尮閰? 涓嶅瓨鍦ㄧ被鍨嬪彉閲廡鐨勫疄渚? 浠ヤ娇Stream<T>涓嶸alue[]涓€鑷?
    鏋勯€犲櫒 Ingredient.Ingredient(ICustomIngredient)涓嶉€傜敤
      (鍙傛暟涓嶅尮閰? 涓嶅瓨鍦ㄧ被鍨嬪彉閲廡鐨勫疄渚? 浠ヤ娇Stream<T>涓嶪CustomIngredient涓€鑷?
  鍏朵腑, T鏄被鍨嬪彉閲?
    T鎵╁睍宸插湪鏂规硶 <T>of(T)涓０鏄庣殑Object
C:\Users\m\Downloads\绉绘\Create-SentryMechanicalArm-1.21.1-neoforge\src\main\java\euphy\upo\sentrymechanicalarm\datagen
\SentryRecipeProvider.java:407: 閿欒: 鏃犳硶浠庢渶缁圛ngredient杩涜缁ф壙
        return new Ingredient(java.util.stream.Stream.of(new Ingredient.ItemValue(stack))) {
                   ^
C:\Users\m\Downloads\绉绘\Create-SentryMechanicalArm-1.21.1-neoforge\src\main\java\euphy\upo\sentrymechanicalarm\datagen
\SentryRecipeProvider.java:408: 閿欒: 鏂规硶涓嶄細瑕嗙洊鎴栧疄鐜拌秴绫诲瀷鐨勬柟娉?            @Override
            ^
C:\Users\m\Downloads\绉绘\Create-SentryMechanicalArm-1.21.1-neoforge\src\main\java\euphy\upo\sentrymechanicalarm\datagen
\SentryRecipeProvider.java:415: 閿欒: 鎵句笉鍒扮鍙?                if (stack.hasTag()) {
                         ^
  绗﹀彿:   鏂规硶 hasTag()
  浣嶇疆: 绫诲瀷涓篒temStack鐨勫彉閲?stack
C:\Users\m\Downloads\绉绘\Create-SentryMechanicalArm-1.21.1-neoforge\src\main\java\euphy\upo\sentrymechanicalarm\datagen
\SentryRecipeProvider.java:416: 閿欒: 绋嬪簭鍖匩btOps涓嶅瓨鍦?                    json.add("nbt", NbtOps.INSTANCE.convertTo(JsonO
ps.INSTANCE, stack.getTag()));
                                          ^
C:\Users\m\Downloads\绉绘\Create-SentryMechanicalArm-1.21.1-neoforge\src\main\java\euphy\upo\sentrymechanicalarm\datagen
\SentryRecipeProvider.java:416: 閿欒: 鎵句笉鍒扮鍙?                    json.add("nbt", NbtOps.INSTANCE.convertTo(JsonOps.INST
ANCE, stack.getTag()));
                                                                                     ^
  绗﹀彿:   鏂规硶 getTag()
  浣嶇疆: 绫诲瀷涓篒temStack鐨勫彉閲?stack
C:\Users\m\Downloads\绉绘\Create-SentryMechanicalArm-1.21.1-neoforge\src\main\java\euphy\upo\sentrymechanicalarm\mixin\B
eltDeployerCallbacksMixin.java:59: 閿欒: 鎵句笉鍒扮鍙?                CompoundTag tag = boxStack.getTag();
                                          ^
  绗﹀彿:   鏂规硶 getTag()
  浣嶇疆: 绫诲瀷涓篒temStack鐨勫彉閲?boxStack
C:\Users\m\Downloads\绉绘\Create-SentryMechanicalArm-1.21.1-neoforge\src\main\java\euphy\upo\sentrymechanicalarm\mixin\D
eployerHandlerMixin.java:66: 閿欒: 鎵句笉鍒扮鍙?                        CompoundTag tag = stack.getTag();
                                               ^
  绗﹀彿:   鏂规硶 getTag()
  浣嶇疆: 绫诲瀷涓篒temStack鐨勫彉閲?stack
C:\Users\m\Downloads\绉绘\Create-SentryMechanicalArm-1.21.1-neoforge\src\main\java\euphy\upo\sentrymechanicalarm\mixin\D
eployerHandlerMixin.java:131: 閿欒: 鎵句笉鍒扮鍙?                    unfinished.setTag(tag);
                              ^
  绗﹀彿:   鏂规硶 setTag(CompoundTag)
  浣嶇疆: 绫诲瀷涓篒temStack鐨勫彉閲?unfinished
C:\Users\m\Downloads\绉绘\Create-SentryMechanicalArm-1.21.1-neoforge\src\main\java\euphy\upo\sentrymechanicalarm\mixin\D
eployerHandlerMixin.java:181: 閿欒: 鎵句笉鍒扮鍙?            CompoundTag tag = newBoxStack.getOrCreateTag();
                                         ^
  绗﹀彿:   鏂规硶 getOrCreateTag()
  浣嶇疆: 绫诲瀷涓篒temStack鐨勫彉閲?newBoxStack
C:\Users\m\Downloads\绉绘\Create-SentryMechanicalArm-1.21.1-neoforge\src\main\java\euphy\upo\sentrymechanicalarm\mixin\I
nteractKeyMixin.java:25: 閿欒: 鏃犳硶灏嗚褰?SentryInteractPacket涓殑鏋勯€犲櫒 SentryInteractPacket搴旂敤鍒扮粰瀹氱被鍨?
            PacketDistributor.sendToServer(new SentryInteractPacket(blockPos));
                                           ^
  闇€瑕? BlockPos,InteractionHand,boolean
  鎵惧埌:    BlockPos
  鍘熷洜: 瀹為檯鍙傛暟鍒楄〃鍜屽舰寮忓弬鏁板垪琛ㄩ暱搴︿笉鍚?
C:\Users\m\Downloads\绉绘\Create-SentryMechanicalArm-1.21.1-neoforge\src\main\java\euphy\upo\sentrymechanicalarm\network
\ClipboardPacket.java:37: 閿欒: 鎵句笉鍒扮鍙?                CompoundTag tag = stack.getOrCreateTag();
                                       ^
  绗﹀彿:   鏂规硶 getOrCreateTag()
  浣嶇疆: 绫诲瀷涓篒temStack鐨勫彉閲?stack
C:\Users\m\Downloads\绉绘\Create-SentryMechanicalArm-1.21.1-neoforge\src\main\java\euphy\upo\sentrymechanicalarm\network
\ClipboardPacket.java:40: 閿欒: 鎵句笉鍒扮鍙?                stack.setTag(tag);
                     ^
  绗﹀彿:   鏂规硶 setTag(CompoundTag)
  浣嶇疆: 绫诲瀷涓篒temStack鐨勫彉閲?stack
C:\Users\m\Downloads\绉绘\Create-SentryMechanicalArm-1.21.1-neoforge\src\main\java\euphy\upo\sentrymechanicalarm\network
\ClipboardPacket.java:47: 閿欒: 鎵句笉鍒扮鍙?                if (stack.hasTag() && stack.getTag().contains("TargetList", 9)) 
{
                         ^
  绗﹀彿:   鏂规硶 hasTag()
  浣嶇疆: 绫诲瀷涓篒temStack鐨勫彉閲?stack
C:\Users\m\Downloads\绉绘\Create-SentryMechanicalArm-1.21.1-neoforge\src\main\java\euphy\upo\sentrymechanicalarm\network
\ClipboardPacket.java:47: 閿欒: 鎵句笉鍒扮鍙?                if (stack.hasTag() && stack.getTag().contains("TargetList", 9)) 
{
                                           ^
  绗﹀彿:   鏂规硶 getTag()
  浣嶇疆: 绫诲瀷涓篒temStack鐨勫彉閲?stack
C:\Users\m\Downloads\绉绘\Create-SentryMechanicalArm-1.21.1-neoforge\src\main\java\euphy\upo\sentrymechanicalarm\network
\ClipboardPacket.java:48: 閿欒: 鎵句笉鍒扮鍙?                    ListTag list = stack.getTag().getList("TargetList", 8);
                                        ^
  绗﹀彿:   鏂规硶 getTag()
  浣嶇疆: 绫诲瀷涓篒temStack鐨勫彉閲?stack
C:\Users\m\Downloads\绉绘\Create-SentryMechanicalArm-1.21.1-neoforge\src\main\java\euphy\upo\sentrymechanicalarm\network
\NetworkHandler.java:67: 閿欒: 鎵句笉鍒扮鍙?                net.neoforged.neoforge.network.ServerPlayPayloads.sendToPlayer(pl
ayer, payload);
                                              ^
  绗﹀彿:   绫?ServerPlayPayloads
  浣嶇疆: 绋嬪簭鍖?net.neoforged.neoforge.network
C:\Users\m\Downloads\绉绘\Create-SentryMechanicalArm-1.21.1-neoforge\src\main\java\euphy\upo\sentrymechanicalarm\network
\SentryContraptionShootPacket.java:38: 閿欒: 鎵句笉鍒扮鍙?            Vec3.STREAM_CODEC, SentryContraptionShootPacket::realSt
art,
                ^
  绗﹀彿:   鍙橀噺 STREAM_CODEC
  浣嶇疆: 绫?Vec3
C:\Users\m\Downloads\绉绘\Create-SentryMechanicalArm-1.21.1-neoforge\src\main\java\euphy\upo\sentrymechanicalarm\network
\SentryContraptionShootPacket.java:39: 閿欒: 鎵句笉鍒扮鍙?            Vec3.STREAM_CODEC, SentryContraptionShootPacket::realEn
d,
                ^
  绗﹀彿:   鍙橀噺 STREAM_CODEC
  浣嶇疆: 绫?Vec3
C:\Users\m\Downloads\绉绘\Create-SentryMechanicalArm-1.21.1-neoforge\src\main\java\euphy\upo\sentrymechanicalarm\network
\SentryInteractPacket.java:21: 閿欒: 鎵句笉鍒扮鍙?            net.minecraft.network.codec.ByteBufCodecs.fromCodec(net.minecra
ft.core.registries.BuiltInRegistries.INTERACTION_HAND.byNameCodec()), SentryInteractPacket::hand,
                                                                                                               ^
  绗﹀彿:   鍙橀噺 INTERACTION_HAND
  浣嶇疆: 绫?BuiltInRegistries
C:\Users\m\Downloads\绉绘\Create-SentryMechanicalArm-1.21.1-neoforge\src\main\java\euphy\upo\sentrymechanicalarm\network
\SentryInteractPacket.java:35: 閿欒: 鎵句笉鍒扮鍙?            sentry.interact(msg.hand(), msg.isAttack(), player);
                  ^
  绗﹀彿:   鏂规硶 interact(InteractionHand,boolean,ServerPlayer)
  浣嶇疆: 绫诲瀷涓篠entryArmBlockEntity鐨勫彉閲?sentry
C:\Users\m\Downloads\绉绘\Create-SentryMechanicalArm-1.21.1-neoforge\src\main\java\euphy\upo\sentrymechanicalarm\network
\SentryRecordTargetPacket.java:23: 閿欒: 涓嶅吋瀹圭殑绫诲瀷: 涓嶅瓨鍦ㄧ被鍨嬪彉閲廜鐨勫疄渚? 浠ヤ娇StreamCodec<ByteBuf,O>涓嶴treamCodec<FriendlyByteB
uf,SentryRecordTargetPacket>涓€鑷?    public static final StreamCodec<FriendlyByteBuf, SentryRecordTargetPacket> CODEC = 
ByteBufCodecs.VAR_INT.map(
                                                                                                                ^
  鍏朵腑, O,V,B鏄被鍨嬪彉閲?
    O鎵╁睍宸插湪鏂规硶 <O>map(Function<? super V,? extends O>,Function<? super O,? extends V>)涓０鏄庣殑Object
    V鎵╁睍宸插湪鎺ュ彛 StreamCodec涓０鏄庣殑Object
    B鎵╁睍宸插湪鎺ュ彛 StreamCodec涓０鏄庣殑Object
C:\Users\m\Downloads\绉绘\Create-SentryMechanicalArm-1.21.1-neoforge\src\main\java\euphy\upo\sentrymechanicalarm\network
\SentryRecordTargetPacket.java:47: 閿欒: 鎵句笉鍒扮鍙?        CompoundTag tag = stack.getOrCreateTag();
                               ^
  绗﹀彿:   鏂规硶 getOrCreateTag()
  浣嶇疆: 绫诲瀷涓篒temStack鐨勫彉閲?stack
C:\Users\m\Downloads\绉绘\Create-SentryMechanicalArm-1.21.1-neoforge\src\main\java\euphy\upo\sentrymechanicalarm\ponder\
scene\SentryMechanicalArmScene.java:49: 閿欒: 鎵句笉鍒扮鍙?        Item ammoItem = BuiltInRegistries.ITEM.getValue(ResourceLo
cation.fromNamespaceAndPath("tacz", "ammo_box"));
                                              ^
  绗﹀彿:   鏂规硶 getValue(ResourceLocation)
  浣嶇疆: 绫诲瀷涓篋efaultedRegistry<Item>鐨勫彉閲?ITEM
C:\Users\m\Downloads\绉绘\Create-SentryMechanicalArm-1.21.1-neoforge\src\main\java\euphy\upo\sentrymechanicalarm\ponder\
scene\SentryMechanicalArmScene.java:191: 閿欒: 鎵句笉鍒扮鍙?        Item ammoItem = BuiltInRegistries.ITEM.getValue(ResourceL
ocation.fromNamespaceAndPath("tacz", "ammo_box"));
                                              ^
  绗﹀彿:   鏂规硶 getValue(ResourceLocation)
  浣嶇疆: 绫诲瀷涓篋efaultedRegistry<Item>鐨勫彉閲?ITEM
C:\Users\m\Downloads\绉绘\Create-SentryMechanicalArm-1.21.1-neoforge\src\main\java\euphy\upo\sentrymechanicalarm\ponder\
scene\SentryMechanicalArmScene.java:193: 閿欒: 鎵句笉鍒扮鍙?        CompoundTag tag = ammoStack.getOrCreateTag();
                                   ^
  绗﹀彿:   鏂规硶 getOrCreateTag()
  浣嶇疆: 绫诲瀷涓篒temStack鐨勫彉閲?ammoStack
C:\Users\m\Downloads\绉绘\Create-SentryMechanicalArm-1.21.1-neoforge\src\main\java\euphy\upo\sentrymechanicalarm\ponder\
scene\SentryMechanicalArmScene.java:197: 閿欒: 鎵句笉鍒扮鍙?        Item ammo = BuiltInRegistries.ITEM.getValue(ResourceLocat
ion.fromNamespaceAndPath("tacz", "ammo"));
                                          ^
  绗﹀彿:   鏂规硶 getValue(ResourceLocation)
  浣嶇疆: 绫诲瀷涓篋efaultedRegistry<Item>鐨勫彉閲?ITEM
C:\Users\m\Downloads\绉绘\Create-SentryMechanicalArm-1.21.1-neoforge\src\main\java\euphy\upo\sentrymechanicalarm\ponder\
scene\SentryMechanicalArmScene.java:199: 閿欒: 鎵句笉鍒扮鍙?        ammo_Stack.getOrCreateTag().putString("AmmoId", "tacz:58x
42");
                  ^
  绗﹀彿:   鏂规硶 getOrCreateTag()
  浣嶇疆: 绫诲瀷涓篒temStack鐨勫彉閲?ammo_Stack
C:\Users\m\Downloads\绉绘\Create-SentryMechanicalArm-1.21.1-neoforge\src\main\java\euphy\upo\sentrymechanicalarm\ponder\
scene\SentryMechanicalArmScene.java:296: 閿欒: 鎵句笉鍒扮鍙?            nbt.put("HeldItem", ammo_Stack.serializeNBT());
                                          ^
  绗﹀彿:   鏂规硶 serializeNBT()
  浣嶇疆: 绫诲瀷涓篒temStack鐨勫彉閲?ammo_Stack
C:\Users\m\Downloads\绉绘\Create-SentryMechanicalArm-1.21.1-neoforge\src\main\java\euphy\upo\sentrymechanicalarm\ponder\
scene\SentryMechanicalArmScene.java:299: 閿欒: 鎵句笉鍒扮鍙?            nbt.put("HeldItem", ammo_Stack.serializeNBT());
                                          ^
  绗﹀彿:   鏂规硶 serializeNBT()
  浣嶇疆: 绫诲瀷涓篒temStack鐨勫彉閲?ammo_Stack
C:\Users\m\Downloads\绉绘\Create-SentryMechanicalArm-1.21.1-neoforge\src\main\java\euphy\upo\sentrymechanicalarm\ponder\
scene\SentryMechanicalArmScene.java:364: 閿欒: 鎵句笉鍒扮鍙?        Item ammo = BuiltInRegistries.ITEM.getValue(ResourceLocat
ion.fromNamespaceAndPath("tacz", "ammo"));
                                          ^
  绗﹀彿:   鏂规硶 getValue(ResourceLocation)
  浣嶇疆: 绫诲瀷涓篋efaultedRegistry<Item>鐨勫彉閲?ITEM
C:\Users\m\Downloads\绉绘\Create-SentryMechanicalArm-1.21.1-neoforge\src\main\java\euphy\upo\sentrymechanicalarm\ponder\
scene\SentryMechanicalArmScene.java:366: 閿欒: 鎵句笉鍒扮鍙?        ammo_Stack.getOrCreateTag().putString("AmmoId", "tacz:58x
42"); 
                  ^
  绗﹀彿:   鏂规硶 getOrCreateTag()
  浣嶇疆: 绫诲瀷涓篒temStack鐨勫彉閲?ammo_Stack
C:\Users\m\Downloads\绉绘\Create-SentryMechanicalArm-1.21.1-neoforge\src\main\java\euphy\upo\sentrymechanicalarm\ponder\
scene\SentryMechanicalArmScene.java:393: 閿欒: 鎵句笉鍒扮鍙?            nbt.put("HeldItem", ammo_Stack.serializeNBT());
                                          ^
  绗﹀彿:   鏂规硶 serializeNBT()
  浣嶇疆: 绫诲瀷涓篒temStack鐨勫彉閲?ammo_Stack
C:\Users\m\Downloads\绉绘\Create-SentryMechanicalArm-1.21.1-neoforge\src\main\java\euphy\upo\sentrymechanicalarm\ponder\
scene\SentryMechanicalArmScene.java:440: 閿欒: 鎵句笉鍒扮鍙?            nbt.put("Filter", filter.serializeNBT());
                                    ^
  绗﹀彿:   鏂规硶 serializeNBT()
  浣嶇疆: 绫诲瀷涓篒temStack鐨勫彉閲?filter
C:\Users\m\Downloads\绉绘\Create-SentryMechanicalArm-1.21.1-neoforge\src\main\java\euphy\upo\sentrymechanicalarm\ponder\
scene\SentryMechanicalArmScene.java:477: 閿欒: 鎵句笉鍒扮鍙?            nbt.put("HeldItem", sheet.serializeNBT());
                                     ^
  绗﹀彿:   鏂规硶 serializeNBT()
  浣嶇疆: 绫诲瀷涓篒temStack鐨勫彉閲?sheet
C:\Users\m\Downloads\绉绘\Create-SentryMechanicalArm-1.21.1-neoforge\src\main\java\euphy\upo\sentrymechanicalarm\ponder\
scene\SentryMechanicalArmScene.java:480: 閿欒: 鎵句笉鍒扮鍙?            nbt.put("HeldItem", sheet.serializeNBT());
                                     ^
  绗﹀彿:   鏂规硶 serializeNBT()
  浣嶇疆: 绫诲瀷涓篒temStack鐨勫彉閲?sheet
C:\Users\m\Downloads\绉绘\Create-SentryMechanicalArm-1.21.1-neoforge\src\main\java\euphy\upo\sentrymechanicalarm\ponder\
scene\SentryMechanicalArmScene.java:483: 閿欒: 鎵句笉鍒扮鍙?            nbt.put("HeldItem", sheet.serializeNBT());
                                     ^
  绗﹀彿:   鏂规硶 serializeNBT()
  浣嶇疆: 绫诲瀷涓篒temStack鐨勫彉閲?sheet
C:\Users\m\Downloads\绉绘\Create-SentryMechanicalArm-1.21.1-neoforge\src\main\java\euphy\upo\sentrymechanicalarm\ponder\
scene\SentryMechanicalArmScene.java:486: 閿欒: 鎵句笉鍒扮鍙?            nbt.put("HeldItem", gunPowder.serializeNBT());
                                         ^
  绗﹀彿:   鏂规硶 serializeNBT()
  浣嶇疆: 绫诲瀷涓篒temStack鐨勫彉閲?gunPowder
C:\Users\m\Downloads\绉绘\Create-SentryMechanicalArm-1.21.1-neoforge\src\main\java\euphy\upo\sentrymechanicalarm\ponder\
scene\SentryMechanicalArmScene.java:574: 閿欒: 鎵句笉鍒扮鍙?        Item ammoItem = BuiltInRegistries.ITEM.getValue(ResourceL
ocation.fromNamespaceAndPath("tacz", "ammo_box"));
                                              ^
  绗﹀彿:   鏂规硶 getValue(ResourceLocation)
  浣嶇疆: 绫诲瀷涓篋efaultedRegistry<Item>鐨勫彉閲?ITEM
C:\Users\m\Downloads\绉绘\Create-SentryMechanicalArm-1.21.1-neoforge\src\main\java\euphy\upo\sentrymechanicalarm\ponder\
scene\SentryMechanicalArmScene.java:639: 閿欒: 鎵句笉鍒扮鍙?        ItemStack stack = new ItemStack(BuiltInRegistries.ITEM.ge
tValue(ResourceLocation.fromNamespaceAndPath("tacz", "modern_kinetic_gun")));
                                                              ^
  绗﹀彿:   鏂规硶 getValue(ResourceLocation)
  浣嶇疆: 绫诲瀷涓篋efaultedRegistry<Item>鐨勫彉閲?ITEM
C:\Users\m\Downloads\绉绘\Create-SentryMechanicalArm-1.21.1-neoforge\src\main\java\euphy\upo\sentrymechanicalarm\ponder\
scene\SentryMechanicalArmScene.java:640: 閿欒: 鎵句笉鍒扮鍙?        stack.getOrCreateTag().putString("GunId", gunId);
             ^
  绗﹀彿:   鏂规硶 getOrCreateTag()
  浣嶇疆: 绫诲瀷涓篒temStack鐨勫彉閲?stack
C:\Users\m\Downloads\绉绘\Create-SentryMechanicalArm-1.21.1-neoforge\src\main\java\euphy\upo\sentrymechanicalarm\recipe\
ClipboardCopyRecipe.java:16: 閿欒: ClipboardCopyRecipe涓嶆槸鎶借薄鐨? 骞朵笖鏈鐩朢ecipe涓殑鎶借薄鏂规硶assemble(CraftingInput,Provider)
public class ClipboardCopyRecipe extends CustomRecipe {
       ^
C:\Users\m\Downloads\绉绘\Create-SentryMechanicalArm-1.21.1-neoforge\src\main\java\euphy\upo\sentrymechanicalarm\recipe\
ClipboardCopyRecipe.java:19: 閿欒: 鏃犳硶灏嗙被 CustomRecipe涓殑鏋勯€犲櫒 CustomRecipe搴旂敤鍒扮粰瀹氱被鍨?
        super(id, category);
        ^
  闇€瑕? CraftingBookCategory
  鎵惧埌:    ResourceLocation,CraftingBookCategory
  鍘熷洜: 瀹為檯鍙傛暟鍒楄〃鍜屽舰寮忓弬鏁板垪琛ㄩ暱搴︿笉鍚?
C:\Users\m\Downloads\绉绘\Create-SentryMechanicalArm-1.21.1-neoforge\src\main\java\euphy\upo\sentrymechanicalarm\recipe\
ClipboardCopyRecipe.java:22: 閿欒: 鏂规硶涓嶄細瑕嗙洊鎴栧疄鐜拌秴绫诲瀷鐨勬柟娉?    @Override
    ^
C:\Users\m\Downloads\绉绘\Create-SentryMechanicalArm-1.21.1-neoforge\src\main\java\euphy\upo\sentrymechanicalarm\recipe\
ClipboardCopyRecipe.java:49: 閿欒: 鏂规硶涓嶄細瑕嗙洊鎴栧疄鐜拌秴绫诲瀷鐨勬柟娉?    @Override
    ^
C:\Users\m\Downloads\绉绘\Create-SentryMechanicalArm-1.21.1-neoforge\src\main\java\euphy\upo\sentrymechanicalarm\recipe\
ClipboardCopyRecipe.java:84: 閿欒: 鎵句笉鍒扮鍙?        if (!stack.hasTag()) return false;
                  ^
  绗﹀彿:   鏂规硶 hasTag()
  浣嶇疆: 绫诲瀷涓篒temStack鐨勫彉閲?stack
C:\Users\m\Downloads\绉绘\Create-SentryMechanicalArm-1.21.1-neoforge\src\main\java\euphy\upo\sentrymechanicalarm\recipe\
ClipboardCopyRecipe.java:85: 閿欒: 鎵句笉鍒扮鍙?        CompoundTag tag = stack.getTag();
                               ^
  绗﹀彿:   鏂规硶 getTag()
  浣嶇疆: 绫诲瀷涓篒temStack鐨勫彉閲?stack
C:\Users\m\Downloads\绉绘\Create-SentryMechanicalArm-1.21.1-neoforge\src\main\java\euphy\upo\sentrymechanicalarm\recipe\
DynamicRecipeManager.java:35: 閿欒: 鎵句笉鍒扮鍙?        Map<RecipeType<?>, Map<ResourceLocation, Recipe<?>>> recipes = new H
ashMap<>();
        ^
  绗﹀彿:   绫?Map
  浣嶇疆: 绫?DynamicRecipeManager
C:\Users\m\Downloads\绉绘\Create-SentryMechanicalArm-1.21.1-neoforge\src\main\java\euphy\upo\sentrymechanicalarm\recipe\
DynamicRecipeManager.java:35: 閿欒: 鎵句笉鍒扮鍙?        Map<RecipeType<?>, Map<ResourceLocation, Recipe<?>>> recipes = new H
ashMap<>();
                           ^
  绗﹀彿:   绫?Map
  浣嶇疆: 绫?DynamicRecipeManager
C:\Users\m\Downloads\绉绘\Create-SentryMechanicalArm-1.21.1-neoforge\src\main\java\euphy\upo\sentrymechanicalarm\recipe\
DynamicRecipeManager.java:35: 閿欒: 鎵句笉鍒扮鍙?        Map<RecipeType<?>, Map<ResourceLocation, Recipe<?>>> recipes = new H
ashMap<>();
                                                                           ^
  绗﹀彿:   绫?HashMap
  浣嶇疆: 绫?DynamicRecipeManager
C:\Users\m\Downloads\绉绘\Create-SentryMechanicalArm-1.21.1-neoforge\src\main\java\euphy\upo\sentrymechanicalarm\recipe\
DynamicRecipeManager.java:49: 閿欒: 鎵句笉鍒扮鍙?        CompoundTag tag = output.getOrCreateTag();
                                ^
  绗﹀彿:   鏂规硶 getOrCreateTag()
  浣嶇疆: 绫诲瀷涓篒temStack鐨勫彉閲?output
C:\Users\m\Downloads\绉绘\Create-SentryMechanicalArm-1.21.1-neoforge\src\main\java\euphy\upo\sentrymechanicalarm\recipe\
DynamicRecipeManager.java:52: 閿欒: ProcessingRecipeBuilder鏄娊璞＄殑; 鏃犳硶瀹炰緥鍖?        CuttingRecipe recipe = new Processing
RecipeBuilder<>(CuttingRecipe::new, recipeId)
                               ^
C:\Users\m\Downloads\绉绘\Create-SentryMechanicalArm-1.21.1-neoforge\src\main\java\euphy\upo\sentrymechanicalarm\recipe\
DynamicRecipeManager.java:63: 閿欒: 鎵句笉鍒扮鍙?            Field field = RecipeManager.class.getDeclaredField("recipes");
            ^
  绗﹀彿:   绫?Field
  浣嶇疆: 绫?DynamicRecipeManager
C:\Users\m\Downloads\绉绘\Create-SentryMechanicalArm-1.21.1-neoforge\src\main\java\euphy\upo\sentrymechanicalarm\recipe\
DynamicRecipeManager.java:65: 閿欒: 鎵句笉鍒扮鍙?            Map<RecipeType<?>, Map<ResourceLocation, Recipe<?>>> recipesMap 
= (Map<RecipeType<?>, Map<ResourceLocation, Recipe<?>>>) field.get(manager);
            ^
  绗﹀彿:   绫?Map
  浣嶇疆: 绫?DynamicRecipeManager
C:\Users\m\Downloads\绉绘\Create-SentryMechanicalArm-1.21.1-neoforge\src\main\java\euphy\upo\sentrymechanicalarm\recipe\
DynamicRecipeManager.java:65: 閿欒: 鎵句笉鍒扮鍙?            Map<RecipeType<?>, Map<ResourceLocation, Recipe<?>>> recipesMap 
= (Map<RecipeType<?>, Map<ResourceLocation, Recipe<?>>>) field.get(manager);
                               ^
  绗﹀彿:   绫?Map
  浣嶇疆: 绫?DynamicRecipeManager
C:\Users\m\Downloads\绉绘\Create-SentryMechanicalArm-1.21.1-neoforge\src\main\java\euphy\upo\sentrymechanicalarm\recipe\
DynamicRecipeManager.java:65: 閿欒: 鎵句笉鍒扮鍙?            Map<RecipeType<?>, Map<ResourceLocation, Recipe<?>>> recipesMap 
= (Map<RecipeType<?>, Map<ResourceLocation, Recipe<?>>>) field.get(manager);
                                                                               ^
  绗﹀彿:   绫?Map
  浣嶇疆: 绫?DynamicRecipeManager
C:\Users\m\Downloads\绉绘\Create-SentryMechanicalArm-1.21.1-neoforge\src\main\java\euphy\upo\sentrymechanicalarm\recipe\
DynamicRecipeManager.java:65: 閿欒: 鎵句笉鍒扮鍙?            Map<RecipeType<?>, Map<ResourceLocation, Recipe<?>>> recipesMap 
= (Map<RecipeType<?>, Map<ResourceLocation, Recipe<?>>>) field.get(manager);
                                                                                                  ^
  绗﹀彿:   绫?Map
  浣嶇疆: 绫?DynamicRecipeManager
C:\Users\m\Downloads\绉绘\Create-SentryMechanicalArm-1.21.1-neoforge\src\main\java\euphy\upo\sentrymechanicalarm\recipe\
DynamicRecipeManager.java:67: 閿欒: 鎵句笉鍒扮鍙?            Map<RecipeType<?>, Map<ResourceLocation, Recipe<?>>> modifiableM
ap = new HashMap<>(recipesMap);
            ^
  绗﹀彿:   绫?Map
  浣嶇疆: 绫?DynamicRecipeManager
C:\Users\m\Downloads\绉绘\Create-SentryMechanicalArm-1.21.1-neoforge\src\main\java\euphy\upo\sentrymechanicalarm\recipe\
DynamicRecipeManager.java:67: 閿欒: 鎵句笉鍒扮鍙?            Map<RecipeType<?>, Map<ResourceLocation, Recipe<?>>> modifiableM
ap = new HashMap<>(recipesMap);
                               ^
  绗﹀彿:   绫?Map
  浣嶇疆: 绫?DynamicRecipeManager
C:\Users\m\Downloads\绉绘\Create-SentryMechanicalArm-1.21.1-neoforge\src\main\java\euphy\upo\sentrymechanicalarm\recipe\
DynamicRecipeManager.java:67: 閿欒: 鎵句笉鍒扮鍙?            Map<RecipeType<?>, Map<ResourceLocation, Recipe<?>>> modifiableM
ap = new HashMap<>(recipesMap);
                                                                                     ^
  绗﹀彿:   绫?HashMap
  浣嶇疆: 绫?DynamicRecipeManager
C:\Users\m\Downloads\绉绘\Create-SentryMechanicalArm-1.21.1-neoforge\src\main\java\euphy\upo\sentrymechanicalarm\recipe\
DynamicRecipeManager.java:68: 閿欒: 鎵句笉鍒扮鍙?            Map<ResourceLocation, Recipe<?>> typeRecipes = new HashMap<>(mod
ifiableMap.getOrDefault(recipe.getType(), Map.of()));
            ^
  绗﹀彿:   绫?Map
  浣嶇疆: 绫?DynamicRecipeManager
C:\Users\m\Downloads\绉绘\Create-SentryMechanicalArm-1.21.1-neoforge\src\main\java\euphy\upo\sentrymechanicalarm\recipe\
DynamicRecipeManager.java:68: 閿欒: 鎵句笉鍒扮鍙?            Map<ResourceLocation, Recipe<?>> typeRecipes = new HashMap<>(mod
ifiableMap.getOrDefault(recipe.getType(), Map.of()));
                                                               ^
  绗﹀彿:   绫?HashMap
  浣嶇疆: 绫?DynamicRecipeManager
C:\Users\m\Downloads\绉绘\Create-SentryMechanicalArm-1.21.1-neoforge\src\main\java\euphy\upo\sentrymechanicalarm\recipe\
DynamicRecipeManager.java:68: 閿欒: 鎵句笉鍒扮鍙?            Map<ResourceLocation, Recipe<?>> typeRecipes = new HashMap<>(mod
ifiableMap.getOrDefault(recipe.getType(), Map.of()));
                                                                                                                      ^
  绗﹀彿:   鍙橀噺 Map
  浣嶇疆: 绫?DynamicRecipeManager
C:\Users\m\Downloads\绉绘\Create-SentryMechanicalArm-1.21.1-neoforge\src\main\java\euphy\upo\sentrymechanicalarm\recipe\
DynamicRecipeManager.java:70: 閿欒: 鎵句笉鍒扮鍙?            typeRecipes.put(recipe.getId(), recipe);
                                  ^
  绗﹀彿:   鏂规硶 getId()
  浣嶇疆: 绫诲瀷涓篟ecipe<?>鐨勫彉閲?recipe
C:\Users\m\Downloads\绉绘\Create-SentryMechanicalArm-1.21.1-neoforge\src\main\java\euphy\upo\sentrymechanicalarm\registr
y\ModDataComponents.java:18: 閿欒: 鎵句笉鍒扮鍙?            DeferredRegister.create(Registries.DATA_COMPONENT_TYPE, SentryMec
hanicalArm.MOD_ID);
                                                                                       ^
  绗﹀彿:   鍙橀噺 MOD_ID
  浣嶇疆: 绫?SentryMechanicalArm
C:\Users\m\Downloads\绉绘\Create-SentryMechanicalArm-1.21.1-neoforge\src\main\java\euphy\upo\sentrymechanicalarm\registr
y\SentryPaintings.java:17: 閿欒: 鏃犳硶灏嗚褰?PaintingVariant涓殑鏋勯€犲櫒 PaintingVariant搴旂敤鍒扮粰瀹氱被鍨?
            PAINTING_VARIANTS.register("sentry_ops", () -> new PaintingVariant(32, 32));
                                                           ^
  闇€瑕? int,int,ResourceLocation
  鎵惧埌:    int,int
  鍘熷洜: 瀹為檯鍙傛暟鍒楄〃鍜屽舰寮忓弬鏁板垪琛ㄩ暱搴︿笉鍚?
C:\Users\m\Downloads\绉绘\Create-SentryMechanicalArm-1.21.1-neoforge\src\main\java\euphy\upo\sentrymechanicalarm\registr
y\SentryPartialModels.java:18: 閿欒: ResourceLocation(String,String) 鍦?ResourceLocation 涓槸 private 璁块棶鎺у埗
                new ResourceLocation (SentryMechanicalArm.MODID, "block/" + path)
                ^
娉? C:\Users\m\Downloads\绉绘\Create-SentryMechanicalArm-1.21.1-neoforge\src\main\java\euphy\upo\sentrymechanicalarm\clie
nt\BlazeFireControlItemRenderer.java浣跨敤鎴栬鐩栦簡宸茶繃鏃剁殑 API銆?
娉? 鏈夊叧璇︾粏淇℃伅, 璇蜂娇鐢?-Xlint:deprecation 閲嶆柊缂栬瘧銆?
娉? 鏌愪簺娑堟伅宸茬粡杩囩畝鍖? 璇蜂娇鐢?-Xdiags:verbose 閲嶆柊缂栬瘧浠ヨ幏寰楀畬鏁磋緭鍑?
100 涓敊璇?
16 涓鍛?

> Task :compileJava FAILED

[Incubating] Problems report is available at: file:///C:/Users/m/Downloads/%E7%A7%BB%E6%A4%8D/Create-SentryMechanicalArm-1.21.1-neoforge/build/reports/problems/problems-report.html

FAILURE: Build failed with an exception.

* What went wrong:
Execution failed for task ':compileJava'.
> Compilation failed; see the compiler output below.
  娉? 鏈夊叧璇︾粏淇℃伅, 璇蜂娇鐢?-Xlint:deprecation 閲嶆柊缂栬瘧銆侰:\Users\m\Downloads\绉绘\Create-SentryMechanicalArm-1.21.1-neoforge\src\
main\java\euphy\upo\sentrymechanicalarm\datagen\SentryRecipeProvider.java:416: 閿欒: 绋嬪簭鍖匩btOps涓嶅瓨鍦?                    
  json.add("nbt", NbtOps.INSTANCE.convertTo(JsonOps.INSTANCE, stack.getTag()));
                                            ^C:\Users\m\Downloads\绉绘\Create-SentryMechanicalArm-1.21.1-neoforge\src\ma
in\java\euphy\upo\sentrymechanicalarm\content\SentryEventHandler.java:82: 閿欒: 鎵句笉鍒扮鍙?                      IItemHandl
er handler = targetBE.getCapability(Capabilities.ITEM_HANDLER, Direction.UP).orElse(null);
                                                                                ^
    绗﹀彿:   鍙橀噺 ITEM_HANDLER
    浣嶇疆: 绫?Capabilities
  C:\Users\m\Downloads\绉绘\Create-SentryMechanicalArm-1.21.1-neoforge\src\main\java\euphy\upo\sentrymechanicalarm\conte
nt\SentryEventHandler.java:139: 閿欒: 鎵句笉鍒扮鍙?              IItemHandler handler = targetBE.getCapability(Capabilities.I
TEM_HANDLER, Direction.UP).orElse(null);
                                                                        ^
    绗﹀彿:   鍙橀噺 ITEM_HANDLER
    浣嶇疆: 绫?Capabilities
  C:\Users\m\Downloads\绉绘\Create-SentryMechanicalArm-1.21.1-neoforge\src\main\java\euphy\upo\sentrymechanicalarm\datag
en\SentryRecipeProvider.java:315: 閿欒: 鎵句笉鍒扮鍙?          CompoundTag ammoTag = new CompoundTag();
          ^
    绗﹀彿:   绫?CompoundTag
    浣嶇疆: 绫?SentryRecipeProvider
  C:\Users\m\Downloads\绉绘\Create-SentryMechanicalArm-1.21.1-neoforge\src\main\java\euphy\upo\sentrymechanicalarm\datag
en\SentryRecipeProvider.java:315: 閿欒: 鎵句笉鍒扮鍙?          CompoundTag ammoTag = new CompoundTag();
                                    ^
    绗﹀彿:   绫?CompoundTag
    浣嶇疆: 绫?SentryRecipeProvider
  C:\Users\m\Downloads\绉绘\Create-SentryMechanicalArm-1.21.1-neoforge\src\main\java\euphy\upo\sentrymechanicalarm\netwo
rk\NetworkHandler.java:67: 閿欒: 鎵句笉鍒扮鍙?                  net.neoforged.neoforge.network.ServerPlayPayloads.sendToPlaye
r(player, payload);
                                                ^
    绗﹀彿:   绫?ServerPlayPayloads
    浣嶇疆: 绋嬪簭鍖?net.neoforged.neoforge.network
  C:\Users\m\Downloads\绉绘\Create-SentryMechanicalArm-1.21.1-neoforge\src\main\java\euphy\upo\sentrymechanicalarm\netwo
rk\SentryContraptionShootPacket.java:38: 閿欒: 鎵句笉鍒扮鍙?              Vec3.STREAM_CODEC, SentryContraptionShootPacket::re
alStart,
                  ^
    绗﹀彿:   鍙橀噺 STREAM_CODEC
    浣嶇疆: 绫?Vec3
  C:\Users\m\Downloads\绉绘\Create-SentryMechanicalArm-1.21.1-neoforge\src\main\java\euphy\upo\sentrymechanicalarm\netwo
rk\SentryContraptionShootPacket.java:39: 閿欒: 鎵句笉鍒扮鍙?              Vec3.STREAM_CODEC, SentryContraptionShootPacket::re
alEnd,
                  ^
    绗﹀彿:   鍙橀噺 STREAM_CODEC
    浣嶇疆: 绫?Vec3
  C:\Users\m\Downloads\绉绘\Create-SentryMechanicalArm-1.21.1-neoforge\src\main\java\euphy\upo\sentrymechanicalarm\netwo
rk\SentryInteractPacket.java:21: 閿欒: 鎵句笉鍒扮鍙?              net.minecraft.network.codec.ByteBufCodecs.fromCodec(net.min
ecraft.core.registries.BuiltInRegistries.INTERACTION_HAND.byNameCodec()), SentryInteractPacket::hand,
                                                                                                                 ^
    绗﹀彿:   鍙橀噺 INTERACTION_HAND
    浣嶇疆: 绫?BuiltInRegistries
  C:\Users\m\Downloads\绉绘\Create-SentryMechanicalArm-1.21.1-neoforge\src\main\java\euphy\upo\sentrymechanicalarm\recip
e\DynamicRecipeManager.java:35: 閿欒: 鎵句笉鍒扮鍙?          Map<RecipeType<?>, Map<ResourceLocation, Recipe<?>>> recipes = n
ew HashMap<>();
          ^
    绗﹀彿:   绫?Map
    浣嶇疆: 绫?DynamicRecipeManager
  C:\Users\m\Downloads\绉绘\Create-SentryMechanicalArm-1.21.1-neoforge\src\main\java\euphy\upo\sentrymechanicalarm\recip
e\DynamicRecipeManager.java:35: 閿欒: 鎵句笉鍒扮鍙?          Map<RecipeType<?>, Map<ResourceLocation, Recipe<?>>> recipes = n
ew HashMap<>();
                             ^
    绗﹀彿:   绫?Map
    浣嶇疆: 绫?DynamicRecipeManager
  C:\Users\m\Downloads\绉绘\Create-SentryMechanicalArm-1.21.1-neoforge\src\main\java\euphy\upo\sentrymechanicalarm\recip
e\DynamicRecipeManager.java:35: 閿欒: 鎵句笉鍒扮鍙?          Map<RecipeType<?>, Map<ResourceLocation, Recipe<?>>> recipes = n
ew HashMap<>();
                                                                             ^
    绗﹀彿:   绫?HashMap
    浣嶇疆: 绫?DynamicRecipeManager
  C:\Users\m\Downloads\绉绘\Create-SentryMechanicalArm-1.21.1-neoforge\src\main\java\euphy\upo\sentrymechanicalarm\recip
e\DynamicRecipeManager.java:63: 閿欒: 鎵句笉鍒扮鍙?              Field field = RecipeManager.class.getDeclaredField("recipes"
);
              ^
    绗﹀彿:   绫?Field
    浣嶇疆: 绫?DynamicRecipeManager
  C:\Users\m\Downloads\绉绘\Create-SentryMechanicalArm-1.21.1-neoforge\src\main\java\euphy\upo\sentrymechanicalarm\recip
e\DynamicRecipeManager.java:65: 閿欒: 鎵句笉鍒扮鍙?              Map<RecipeType<?>, Map<ResourceLocation, Recipe<?>>> recipes
Map = (Map<RecipeType<?>, Map<ResourceLocation, Recipe<?>>>) field.get(manager);
              ^
    绗﹀彿:   绫?Map
    浣嶇疆: 绫?DynamicRecipeManager
  C:\Users\m\Downloads\绉绘\Create-SentryMechanicalArm-1.21.1-neoforge\src\main\java\euphy\upo\sentrymechanicalarm\recip
e\DynamicRecipeManager.java:65: 閿欒: 鎵句笉鍒扮鍙?              Map<RecipeType<?>, Map<ResourceLocation, Recipe<?>>> recipes
Map = (Map<RecipeType<?>, Map<ResourceLocation, Recipe<?>>>) field.get(manager);
                                 ^
    绗﹀彿:   绫?Map
    浣嶇疆: 绫?DynamicRecipeManager
  C:\Users\m\Downloads\绉绘\Create-SentryMechanicalArm-1.21.1-neoforge\src\main\java\euphy\upo\sentrymechanicalarm\recip
e\DynamicRecipeManager.java:65: 閿欒: 鎵句笉鍒扮鍙?              Map<RecipeType<?>, Map<ResourceLocation, Recipe<?>>> recipes
Map = (Map<RecipeType<?>, Map<ResourceLocation, Recipe<?>>>) field.get(manager);
                                                                                 ^
    绗﹀彿:   绫?Map
    浣嶇疆: 绫?DynamicRecipeManager
  C:\Users\m\Downloads\绉绘\Create-SentryMechanicalArm-1.21.1-neoforge\src\main\java\euphy\upo\sentrymechanicalarm\recip
e\DynamicRecipeManager.java:65: 閿欒: 鎵句笉鍒扮鍙?              Map<RecipeType<?>, Map<ResourceLocation, Recipe<?>>> recipes
Map = (Map<RecipeType<?>, Map<ResourceLocation, Recipe<?>>>) field.get(manager);
                                                                                                    ^
    绗﹀彿:   绫?Map
    浣嶇疆: 绫?DynamicRecipeManager
  C:\Users\m\Downloads\绉绘\Create-SentryMechanicalArm-1.21.1-neoforge\src\main\java\euphy\upo\sentrymechanicalarm\recip
e\DynamicRecipeManager.java:67: 閿欒: 鎵句笉鍒扮鍙?              Map<RecipeType<?>, Map<ResourceLocation, Recipe<?>>> modifia
bleMap = new HashMap<>(recipesMap);
              ^
    绗﹀彿:   绫?Map
    浣嶇疆: 绫?DynamicRecipeManager
  C:\Users\m\Downloads\绉绘\Create-SentryMechanicalArm-1.21.1-neoforge\src\main\java\euphy\upo\sentrymechanicalarm\recip
e\DynamicRecipeManager.java:67: 閿欒: 鎵句笉鍒扮鍙?              Map<RecipeType<?>, Map<ResourceLocation, Recipe<?>>> modifia
bleMap = new HashMap<>(recipesMap);
                                 ^
    绗﹀彿:   绫?Map
    浣嶇疆: 绫?DynamicRecipeManager
  C:\Users\m\Downloads\绉绘\Create-SentryMechanicalArm-1.21.1-neoforge\src\main\java\euphy\upo\sentrymechanicalarm\recip
e\DynamicRecipeManager.java:67: 閿欒: 鎵句笉鍒扮鍙?              Map<RecipeType<?>, Map<ResourceLocation, Recipe<?>>> modifia
bleMap = new HashMap<>(recipesMap);
                                                                                       ^
    绗﹀彿:   绫?HashMap
    浣嶇疆: 绫?DynamicRecipeManager
  C:\Users\m\Downloads\绉绘\Create-SentryMechanicalArm-1.21.1-neoforge\src\main\java\euphy\upo\sentrymechanicalarm\recip
e\DynamicRecipeManager.java:68: 閿欒: 鎵句笉鍒扮鍙?              Map<ResourceLocation, Recipe<?>> typeRecipes = new HashMap<>
(modifiableMap.getOrDefault(recipe.getType(), Map.of()));
              ^
    绗﹀彿:   绫?Map
    浣嶇疆: 绫?DynamicRecipeManager
  C:\Users\m\Downloads\绉绘\Create-SentryMechanicalArm-1.21.1-neoforge\src\main\java\euphy\upo\sentrymechanicalarm\recip
e\DynamicRecipeManager.java:68: 閿欒: 鎵句笉鍒扮鍙?              Map<ResourceLocation, Recipe<?>> typeRecipes = new HashMap<>
(modifiableMap.getOrDefault(recipe.getType(), Map.of()));
                                                                 ^
    绗﹀彿:   绫?HashMap
    浣嶇疆: 绫?DynamicRecipeManager
  C:\Users\m\Downloads\绉绘\Create-SentryMechanicalArm-1.21.1-neoforge\src\main\java\euphy\upo\sentrymechanicalarm\recip
e\DynamicRecipeManager.java:68: 閿欒: 鎵句笉鍒扮鍙?              Map<ResourceLocation, Recipe<?>> typeRecipes = new HashMap<>
(modifiableMap.getOrDefault(recipe.getType(), Map.of()));
                                                                                                                       
 ^
    绗﹀彿:   鍙橀噺 Map
    浣嶇疆: 绫?DynamicRecipeManager
  C:\Users\m\Downloads\绉绘\Create-SentryMechanicalArm-1.21.1-neoforge\src\main\java\euphy\upo\sentrymechanicalarm\regis
try\ModDataComponents.java:18: 閿欒: 鎵句笉鍒扮鍙?              DeferredRegister.create(Registries.DATA_COMPONENT_TYPE, Sentr
yMechanicalArm.MOD_ID);
                                                                                         ^
    绗﹀彿:   鍙橀噺 MOD_ID
    浣嶇疆: 绫?SentryMechanicalArmC:\Users\m\Downloads\绉绘\Create-SentryMechanicalArm-1.21.1-neoforge\src\main\java\euphy\u
po\sentrymechanicalarm\content\SentryArmBlockEntity.java:1626: 閿欒: 瀵逛簬saveAllItems(CompoundTag,NonNullList<ItemStack>)
, 鎵句笉鍒板悎閫傜殑鏂规硶
          ContainerHelper.saveAllItems(ammoTag, this.attachedAmmoBoxes);
                         ^
      鏂规硶 ContainerHelper.saveAllItems(CompoundTag,NonNullList<ItemStack>,Provider)涓嶉€傜敤
        (瀹為檯鍙傛暟鍒楄〃鍜屽舰寮忓弬鏁板垪琛ㄩ暱搴︿笉鍚?
      鏂规硶 ContainerHelper.saveAllItems(CompoundTag,NonNullList<ItemStack>,boolean,Provider)涓嶉€傜敤
        (瀹為檯鍙傛暟鍒楄〃鍜屽舰寮忓弬鏁板垪琛ㄩ暱搴︿笉鍚?
  C:\Users\m\Downloads\绉绘\Create-SentryMechanicalArm-1.21.1-neoforge\src\main\java\euphy\upo\sentrymechanicalarm\netwo
rk\SentryShootPacket.java:31: 閿欒: 瀵逛簬composite(StreamCodec<ByteBuf,BlockPos>,SentryShoo[...]::pos,StreamCodec<ByteBuf,
Integer>,SentryShoo[...]Index,NbtOps,Codec<CompoundTag>,SentryShoo[...]emTag,StreamCodec<RegistryFriendlyByteBuf,Vec3>,
SentryShoo[...]Start,StreamCodec<RegistryFriendlyByteBuf,Vec3>,SentryShoo[...]alEnd,StreamCodec<ByteBuf,Integer>,(t)->t
.ordinal(),SentryShoo[...]nType,SentryShoo[...]::new), 鎵句笉鍒板悎閫傜殑鏂规硶
  public static final StreamCodec<FriendlyByteBuf, SentryShootPacket> CODEC = StreamCodec.composite(
                                                                                         ^
      鏂规硶 StreamCodec.<B#1,C#1,T1#1>composite(StreamCodec<? super B#1,T1#1>,Function<C#1,T1#1>,Function<T1#1,C#1>)涓嶉€傜敤
        (鏃犳硶鎺ㄦ柇绫诲瀷鍙橀噺 B#1,C#1,T1#1
          (瀹為檯鍙傛暟鍒楄〃鍜屽舰寮忓弬鏁板垪琛ㄩ暱搴︿笉鍚?)
      鏂规硶 StreamCodec.<B#2,C#2,T1#2,T2#1>composite(StreamCodec<? super B#2,T1#2>,Function<C#2,T1#2>,StreamCodec<? super
 B#2,T2#1>,Function<C#2,T2#1>,BiFunction<T1#2,T2#1,C#2>)涓嶉€傜敤
        (鏃犳硶鎺ㄦ柇绫诲瀷鍙橀噺 B#2,C#2,T1#2,T2#1
          (瀹為檯鍙傛暟鍒楄〃鍜屽舰寮忓弬鏁板垪琛ㄩ暱搴︿笉鍚?)
      鏂规硶 StreamCodec.<B#3,C#3,T1#3,T2#2,T3#1>composite(StreamCodec<? super B#3,T1#3>,Function<C#3,T1#3>,StreamCodec<? 
super B#3,T2#2>,Function<C#3,T2#2>,StreamCodec<? super B#3,T3#1>,Function<C#3,T3#1>,Function3<T1#3,T2#2,T3#1,C#3>)涓嶉€傜敤
        (鏃犳硶鎺ㄦ柇绫诲瀷鍙橀噺 B#3,C#3,T1#3,T2#2,T3#1
          (瀹為檯鍙傛暟鍒楄〃鍜屽舰寮忓弬鏁板垪琛ㄩ暱搴︿笉鍚?)
      鏂规硶 StreamCodec.<B#4,C#4,T1#4,T2#3,T3#2,T4#1>composite(StreamCodec<? super B#4,T1#4>,Function<C#4,T1#4>,StreamCod
ec<? super B#4,T2#3>,Function<C#4,T2#3>,StreamCodec<? super B#4,T3#2>,Function<C#4,T3#2>,StreamCodec<? super B#4,T4#1>,
Function<C#4,T4#1>,Function4<T1#4,T2#3,T3#2,T4#1,C#4>)涓嶉€傜敤
        (鏃犳硶鎺ㄦ柇绫诲瀷鍙橀噺 B#4,C#4,T1#4,T2#3,T3#2,T4#1
          (瀹為檯鍙傛暟鍒楄〃鍜屽舰寮忓弬鏁板垪琛ㄩ暱搴︿笉鍚?)
      鏂规硶 StreamCodec.<B#5,C#5,T1#5,T2#4,T3#3,T4#2,T5#1>composite(StreamCodec<? super B#5,T1#5>,Function<C#5,T1#5>,Stre
amCodec<? super B#5,T2#4>,Function<C#5,T2#4>,StreamCodec<? super B#5,T3#3>,Function<C#5,T3#3>,StreamCodec<? super B#5,T
4#2>,Function<C#5,T4#2>,StreamCodec<? super B#5,T5#1>,Function<C#5,T5#1>,Function5<T1#5,T2#4,T3#3,T4#2,T5#1,C#5>)涓嶉€傜敤
        (鏃犳硶鎺ㄦ柇绫诲瀷鍙橀噺 B#5,C#5,T1#5,T2#4,T3#3,T4#2,T5#1
          (瀹為檯鍙傛暟鍒楄〃鍜屽舰寮忓弬鏁板垪琛ㄩ暱搴︿笉鍚?)
      鏂规硶 StreamCodec.<B#6,C#6,T1#6,T2#5,T3#4,T4#3,T5#2,T6>composite(StreamCodec<? super B#6,T1#6>,Function<C#6,T1#6>,S
treamCodec<? super B#6,T2#5>,Function<C#6,T2#5>,StreamCodec<? super B#6,T3#4>,Function<C#6,T3#4>,StreamCodec<? super B#
6,T4#3>,Function<C#6,T4#3>,StreamCodec<? super B#6,T5#2>,Function<C#6,T5#2>,StreamCodec<? super B#6,T6>,Function<C#6,T6
>,Function6<T1#6,T2#5,T3#4,T4#3,T5#2,T6,C#6>)涓嶉€傜敤
        (鏃犳硶鎺ㄦ柇绫诲瀷鍙橀噺 B#6,C#6,T1#6,T2#5,T3#4,T4#3,T5#2,T6
          (瀹為檯鍙傛暟鍒楄〃鍜屽舰寮忓弬鏁板垪琛ㄩ暱搴︿笉鍚?)
    鍏朵腑, B#1,C#1,T1#1,B#2,C#2,T1#2,T2#1,B#3,C#3,T1#3,T2#2,T3#1,B#4,C#4,T1#4,T2#3,T3#2,T4#1,B#5,C#5,T1#5,T2#4,T3#3,T4#2,
T5#1,B#6,C#6,T1#6,T2#5,T3#4,T4#3,T5#2,T6鏄被鍨嬪彉閲?
      B#1鎵╁睍宸插湪鏂规硶 <B#1,C#1,T1#1>composite(StreamCodec<? super B#1,T1#1>,Function<C#1,T1#1>,Function<T1#1,C#1>)涓０鏄庣殑Ob
ject
      C#1鎵╁睍宸插湪鏂规硶 <B#1,C#1,T1#1>composite(StreamCodec<? super B#1,T1#1>,Function<C#1,T1#1>,Function<T1#1,C#1>)涓０鏄庣殑Ob
ject
      T1#1鎵╁睍宸插湪鏂规硶 <B#1,C#1,T1#1>composite(StreamCodec<? super B#1,T1#1>,Function<C#1,T1#1>,Function<T1#1,C#1>)涓０鏄庣殑O
bject
      B#2鎵╁睍宸插湪鏂规硶 <B#2,C#2,T1#2,T2#1>composite(StreamCodec<? super B#2,T1#2>,Function<C#2,T1#2>,StreamCodec<? super B#
2,T2#1>,Function<C#2,T2#1>,BiFunction<T1#2,T2#1,C#2>)涓０鏄庣殑Object
      C#2鎵╁睍宸插湪鏂规硶 <B#2,C#2,T1#2,T2#1>composite(StreamCodec<? super B#2,T1#2>,Function<C#2,T1#2>,StreamCodec<? super B#
2,T2#1>,Function<C#2,T2#1>,BiFunction<T1#2,T2#1,C#2>)涓０鏄庣殑Object
      T1#2鎵╁睍宸插湪鏂规硶 <B#2,C#2,T1#2,T2#1>composite(StreamCodec<? super B#2,T1#2>,Function<C#2,T1#2>,StreamCodec<? super B
#2,T2#1>,Function<C#2,T2#1>,BiFunction<T1#2,T2#1,C#2>)涓０鏄庣殑Object
      T2#1鎵╁睍宸插湪鏂规硶 <B#2,C#2,T1#2,T2#1>composite(StreamCodec<? super B#2,T1#2>,Function<C#2,T1#2>,StreamCodec<? super B
#2,T2#1>,Function<C#2,T2#1>,BiFunction<T1#2,T2#1,C#2>)涓０鏄庣殑Object
      B#3鎵╁睍宸插湪鏂规硶 <B#3,C#3,T1#3,T2#2,T3#1>composite(StreamCodec<? super B#3,T1#3>,Function<C#3,T1#3>,StreamCodec<? sup
er B#3,T2#2>,Function<C#3,T2#2>,StreamCodec<? super B#3,T3#1>,Function<C#3,T3#1>,Function3<T1#3,T2#2,T3#1,C#3>)涓０鏄庣殑Ob
ject
      C#3鎵╁睍宸插湪鏂规硶 <B#3,C#3,T1#3,T2#2,T3#1>composite(StreamCodec<? super B#3,T1#3>,Function<C#3,T1#3>,StreamCodec<? sup
er B#3,T2#2>,Function<C#3,T2#2>,StreamCodec<? super B#3,T3#1>,Function<C#3,T3#1>,Function3<T1#3,T2#2,T3#1,C#3>)涓０鏄庣殑Ob
ject
      T1#3鎵╁睍宸插湪鏂规硶 <B#3,C#3,T1#3,T2#2,T3#1>composite(StreamCodec<? super B#3,T1#3>,Function<C#3,T1#3>,StreamCodec<? su
per B#3,T2#2>,Function<C#3,T2#2>,StreamCodec<? super B#3,T3#1>,Function<C#3,T3#1>,Function3<T1#3,T2#2,T3#1,C#3>)涓０鏄庣殑O
bject
      T2#2鎵╁睍宸插湪鏂规硶 <B#3,C#3,T1#3,T2#2,T3#1>composite(StreamCodec<? super B#3,T1#3>,Function<C#3,T1#3>,StreamCodec<? su
per B#3,T2#2>,Function<C#3,T2#2>,StreamCodec<? super B#3,T3#1>,Function<C#3,T3#1>,Function3<T1#3,T2#2,T3#1,C#3>)涓０鏄庣殑O
bject
      T3#1鎵╁睍宸插湪鏂规硶 <B#3,C#3,T1#3,T2#2,T3#1>composite(StreamCodec<? super B#3,T1#3>,Function<C#3,T1#3>,StreamCodec<? su
per B#3,T2#2>,Function<C#3,T2#2>,StreamCodec<? super B#3,T3#1>,Function<C#3,T3#1>,Function3<T1#3,T2#2,T3#1,C#3>)涓０鏄庣殑O
bject
      B#4鎵╁睍宸插湪鏂规硶 <B#4,C#4,T1#4,T2#3,T3#2,T4#1>composite(StreamCodec<? super B#4,T1#4>,Function<C#4,T1#4>,StreamCodec<
? super B#4,T2#3>,Function<C#4,T2#3>,StreamCodec<? super B#4,T3#2>,Function<C#4,T3#2>,StreamCodec<? super B#4,T4#1>,Fun
ction<C#4,T4#1>,Function4<T1#4,T2#3,T3#2,T4#1,C#4>)涓０鏄庣殑Object
      C#4鎵╁睍宸插湪鏂规硶 <B#4,C#4,T1#4,T2#3,T3#2,T4#1>composite(StreamCodec<? super B#4,T1#4>,Function<C#4,T1#4>,StreamCodec<
? super B#4,T2#3>,Function<C#4,T2#3>,StreamCodec<? super B#4,T3#2>,Function<C#4,T3#2>,StreamCodec<? super B#4,T4#1>,Fun
ction<C#4,T4#1>,Function4<T1#4,T2#3,T3#2,T4#1,C#4>)涓０鏄庣殑Object
      T1#4鎵╁睍宸插湪鏂规硶 <B#4,C#4,T1#4,T2#3,T3#2,T4#1>composite(StreamCodec<? super B#4,T1#4>,Function<C#4,T1#4>,StreamCodec
<? super B#4,T2#3>,Function<C#4,T2#3>,StreamCodec<? super B#4,T3#2>,Function<C#4,T3#2>,StreamCodec<? super B#4,T4#1>,Fu
nction<C#4,T4#1>,Function4<T1#4,T2#3,T3#2,T4#1,C#4>)涓０鏄庣殑Object
      T2#3鎵╁睍宸插湪鏂规硶 <B#4,C#4,T1#4,T2#3,T3#2,T4#1>composite(StreamCodec<? super B#4,T1#4>,Function<C#4,T1#4>,StreamCodec
<? super B#4,T2#3>,Function<C#4,T2#3>,StreamCodec<? super B#4,T3#2>,Function<C#4,T3#2>,StreamCodec<? super B#4,T4#1>,Fu
nction<C#4,T4#1>,Function4<T1#4,T2#3,T3#2,T4#1,C#4>)涓０鏄庣殑Object
      T3#2鎵╁睍宸插湪鏂规硶 <B#4,C#4,T1#4,T2#3,T3#2,T4#1>composite(StreamCodec<? super B#4,T1#4>,Function<C#4,T1#4>,StreamCodec
<? super B#4,T2#3>,Function<C#4,T2#3>,StreamCodec<? super B#4,T3#2>,Function<C#4,T3#2>,StreamCodec<? super B#4,T4#1>,Fu
nction<C#4,T4#1>,Function4<T1#4,T2#3,T3#2,T4#1,C#4>)涓０鏄庣殑Object
      T4#1鎵╁睍宸插湪鏂规硶 <B#4,C#4,T1#4,T2#3,T3#2,T4#1>composite(StreamCodec<? super B#4,T1#4>,Function<C#4,T1#4>,StreamCodec
<? super B#4,T2#3>,Function<C#4,T2#3>,StreamCodec<? super B#4,T3#2>,Function<C#4,T3#2>,StreamCodec<? super B#4,T4#1>,Fu
nction<C#4,T4#1>,Function4<T1#4,T2#3,T3#2,T4#1,C#4>)涓０鏄庣殑Object
      B#5鎵╁睍宸插湪鏂规硶 <B#5,C#5,T1#5,T2#4,T3#3,T4#2,T5#1>composite(StreamCodec<? super B#5,T1#5>,Function<C#5,T1#5>,StreamC
odec<? super B#5,T2#4>,Function<C#5,T2#4>,StreamCodec<? super B#5,T3#3>,Function<C#5,T3#3>,StreamCodec<? super B#5,T4#2
>,Function<C#5,T4#2>,StreamCodec<? super B#5,T5#1>,Function<C#5,T5#1>,Function5<T1#5,T2#4,T3#3,T4#2,T5#1,C#5>)涓０鏄庣殑Obj
ect
      C#5鎵╁睍宸插湪鏂规硶 <B#5,C#5,T1#5,T2#4,T3#3,T4#2,T5#1>composite(StreamCodec<? super B#5,T1#5>,Function<C#5,T1#5>,StreamC
odec<? super B#5,T2#4>,Function<C#5,T2#4>,StreamCodec<? super B#5,T3#3>,Function<C#5,T3#3>,StreamCodec<? super B#5,T4#2
>,Function<C#5,T4#2>,StreamCodec<? super B#5,T5#1>,Function<C#5,T5#1>,Function5<T1#5,T2#4,T3#3,T4#2,T5#1,C#5>)涓０鏄庣殑Obj
ect
      T1#5鎵╁睍宸插湪鏂规硶 <B#5,C#5,T1#5,T2#4,T3#3,T4#2,T5#1>composite(StreamCodec<? super B#5,T1#5>,Function<C#5,T1#5>,Stream
Codec<? super B#5,T2#4>,Function<C#5,T2#4>,StreamCodec<? super B#5,T3#3>,Function<C#5,T3#3>,StreamCodec<? super B#5,T4#
2>,Function<C#5,T4#2>,StreamCodec<? super B#5,T5#1>,Function<C#5,T5#1>,Function5<T1#5,T2#4,T3#3,T4#2,T5#1,C#5>)涓０鏄庣殑Ob
ject
      T2#4鎵╁睍宸插湪鏂规硶 <B#5,C#5,T1#5,T2#4,T3#3,T4#2,T5#1>composite(StreamCodec<? super B#5,T1#5>,Function<C#5,T1#5>,Stream
Codec<? super B#5,T2#4>,Function<C#5,T2#4>,StreamCodec<? super B#5,T3#3>,Function<C#5,T3#3>,StreamCodec<? super B#5,T4#
2>,Function<C#5,T4#2>,StreamCodec<? super B#5,T5#1>,Function<C#5,T5#1>,Function5<T1#5,T2#4,T3#3,T4#2,T5#1,C#5>)涓０鏄庣殑Ob
ject
      T3#3鎵╁睍宸插湪鏂规硶 <B#5,C#5,T1#5,T2#4,T3#3,T4#2,T5#1>composite(StreamCodec<? super B#5,T1#5>,Function<C#5,T1#5>,Stream
Codec<? super B#5,T2#4>,Function<C#5,T2#4>,StreamCodec<? super B#5,T3#3>,Function<C#5,T3#3>,StreamCodec<? super B#5,T4#
2>,Function<C#5,T4#2>,StreamCodec<? super B#5,T5#1>,Function<C#5,T5#1>,Function5<T1#5,T2#4,T3#3,T4#2,T5#1,C#5>)涓０鏄庣殑Ob
ject
      T4#2鎵╁睍宸插湪鏂规硶 <B#5,C#5,T1#5,T2#4,T3#3,T4#2,T5#1>composite(StreamCodec<? super B#5,T1#5>,Function<C#5,T1#5>,Stream
Codec<? super B#5,T2#4>,Function<C#5,T2#4>,StreamCodec<? super B#5,T3#3>,Function<C#5,T3#3>,StreamCodec<? super B#5,T4#
2>,Function<C#5,T4#2>,StreamCodec<? super B#5,T5#1>,Function<C#5,T5#1>,Function5<T1#5,T2#4,T3#3,T4#2,T5#1,C#5>)涓０鏄庣殑Ob
ject
      T5#1鎵╁睍宸插湪鏂规硶 <B#5,C#5,T1#5,T2#4,T3#3,T4#2,T5#1>composite(StreamCodec<? super B#5,T1#5>,Function<C#5,T1#5>,Stream
Codec<? super B#5,T2#4>,Function<C#5,T2#4>,StreamCodec<? super B#5,T3#3>,Function<C#5,T3#3>,StreamCodec<? super B#5,T4#
2>,Function<C#5,T4#2>,StreamCodec<? super B#5,T5#1>,Function<C#5,T5#1>,Function5<T1#5,T2#4,T3#3,T4#2,T5#1,C#5>)涓０鏄庣殑Ob
ject
      B#6鎵╁睍宸插湪鏂规硶 <B#6,C#6,T1#6,T2#5,T3#4,T4#3,T5#2,T6>composite(StreamCodec<? super B#6,T1#6>,Function<C#6,T1#6>,Stre
amCodec<? super B#6,T2#5>,Function<C#6,T2#5>,StreamCodec<? super B#6,T3#4>,Function<C#6,T3#4>,StreamCodec<? super B#6,T
4#3>,Function<C#6,T4#3>,StreamCodec<? super B#6,T5#2>,Function<C#6,T5#2>,StreamCodec<? super B#6,T6>,Function<C#6,T6>,F
unction6<T1#6,T2#5,T3#4,T4#3,T5#2,T6,C#6>)涓０鏄庣殑Object
      C#6鎵╁睍宸插湪鏂规硶 <B#6,C#6,T1#6,T2#5,T3#4,T4#3,T5#2,T6>composite(StreamCodec<? super B#6,T1#6>,Function<C#6,T1#6>,Stre
amCodec<? super B#6,T2#5>,Function<C#6,T2#5>,StreamCodec<? super B#6,T3#4>,Function<C#6,T3#4>,StreamCodec<? super B#6,T
4#3>,Function<C#6,T4#3>,StreamCodec<? super B#6,T5#2>,Function<C#6,T5#2>,StreamCodec<? super B#6,T6>,Function<C#6,T6>,F
unction6<T1#6,T2#5,T3#4,T4#3,T5#2,T6,C#6>)涓０鏄庣殑Object
      T1#6鎵╁睍宸插湪鏂规硶 <B#6,C#6,T1#6,T2#5,T3#4,T4#3,T5#2,T6>composite(StreamCodec<? super B#6,T1#6>,Function<C#6,T1#6>,Str
eamCodec<? super B#6,T2#5>,Function<C#6,T2#5>,StreamCodec<? super B#6,T3#4>,Function<C#6,T3#4>,StreamCodec<? super B#6,
T4#3>,Function<C#6,T4#3>,StreamCodec<? super B#6,T5#2>,Function<C#6,T5#2>,StreamCodec<? super B#6,T6>,Function<C#6,T6>,
Function6<T1#6,T2#5,T3#4,T4#3,T5#2,T6,C#6>)涓０鏄庣殑Object
      T2#5鎵╁睍宸插湪鏂规硶 <B#6,C#6,T1#6,T2#5,T3#4,T4#3,T5#2,T6>composite(StreamCodec<? super B#6,T1#6>,Function<C#6,T1#6>,Str
eamCodec<? super B#6,T2#5>,Function<C#6,T2#5>,StreamCodec<? super B#6,T3#4>,Function<C#6,T3#4>,StreamCodec<? super B#6,
T4#3>,Function<C#6,T4#3>,StreamCodec<? super B#6,T5#2>,Function<C#6,T5#2>,StreamCodec<? super B#6,T6>,Function<C#6,T6>,
Function6<T1#6,T2#5,T3#4,T4#3,T5#2,T6,C#6>)涓０鏄庣殑Object
      T3#4鎵╁睍宸插湪鏂规硶 <B#6,C#6,T1#6,T2#5,T3#4,T4#3,T5#2,T6>composite(StreamCodec<? super B#6,T1#6>,Function<C#6,T1#6>,Str
eamCodec<? super B#6,T2#5>,Function<C#6,T2#5>,StreamCodec<? super B#6,T3#4>,Function<C#6,T3#4>,StreamCodec<? super B#6,
T4#3>,Function<C#6,T4#3>,StreamCodec<? super B#6,T5#2>,Function<C#6,T5#2>,StreamCodec<? super B#6,T6>,Function<C#6,T6>,
Function6<T1#6,T2#5,T3#4,T4#3,T5#2,T6,C#6>)涓０鏄庣殑Object
      T4#3鎵╁睍宸插湪鏂规硶 <B#6,C#6,T1#6,T2#5,T3#4,T4#3,T5#2,T6>composite(StreamCodec<? super B#6,T1#6>,Function<C#6,T1#6>,Str
eamCodec<? super B#6,T2#5>,Function<C#6,T2#5>,StreamCodec<? super B#6,T3#4>,Function<C#6,T3#4>,StreamCodec<? super B#6,
T4#3>,Function<C#6,T4#3>,StreamCodec<? super B#6,T5#2>,Function<C#6,T5#2>,StreamCodec<? super B#6,T6>,Function<C#6,T6>,
Function6<T1#6,T2#5,T3#4,T4#3,T5#2,T6,C#6>)涓０鏄庣殑Object
      T5#2鎵╁睍宸插湪鏂规硶 <B#6,C#6,T1#6,T2#5,T3#4,T4#3,T5#2,T6>composite(StreamCodec<? super B#6,T1#6>,Function<C#6,T1#6>,Str
eamCodec<? super B#6,T2#5>,Function<C#6,T2#5>,StreamCodec<? super B#6,T3#4>,Function<C#6,T3#4>,StreamCodec<? super B#6,
T4#3>,Function<C#6,T4#3>,StreamCodec<? super B#6,T5#2>,Function<C#6,T5#2>,StreamCodec<? super B#6,T6>,Function<C#6,T6>,
Function6<T1#6,T2#5,T3#4,T4#3,T5#2,T6,C#6>)涓０鏄庣殑Object
      T6鎵╁睍宸插湪鏂规硶 <B#6,C#6,T1#6,T2#5,T3#4,T4#3,T5#2,T6>composite(StreamCodec<? super B#6,T1#6>,Function<C#6,T1#6>,Strea
mCodec<? super B#6,T2#5>,Function<C#6,T2#5>,StreamCodec<? super B#6,T3#4>,Function<C#6,T3#4>,StreamCodec<? super B#6,T4
#3>,Function<C#6,T4#3>,StreamCodec<? super B#6,T5#2>,Function<C#6,T5#2>,StreamCodec<? super B#6,T6>,Function<C#6,T6>,Fu
nction6<T1#6,T2#5,T3#4,T4#3,T5#2,T6,C#6>)涓０鏄庣殑Object
  C:\Users\m\Downloads\绉绘\Create-SentryMechanicalArm-1.21.1-neoforge\src\main\java\euphy\upo\sentrymechanicalarm\datag
en\SentryRecipeProvider.java:358: 閿欒: 瀵逛簬require(Fluid,int), 鎵句笉鍒板悎閫傜殑鏂规硶
                      builder.addStep(FillingRecipe::new, rb -> rb.require(fd.fluid, fd.amount));
                                                                  ^
      鏂规硶 ProcessingRecipeBuilder.require(DatagenMod,String)涓嶉€傜敤
        (鍙傛暟涓嶅尮閰? Fluid鏃犳硶杞崲涓篋atagenMod)
      鏂规硶 ProcessingRecipeBuilder.require(FlowingFluid,int)涓嶉€傜敤
        (鍙傛暟涓嶅尮閰? Fluid鏃犳硶杞崲涓篎lowingFluid)
      鏂规硶 ProcessingRecipeBuilder.require(TagKey<Fluid>,int)涓嶉€傜敤
        (鍙傛暟涓嶅尮閰? Fluid鏃犳硶杞崲涓篢agKey<Fluid>)
  C:\Users\m\Downloads\绉绘\Create-SentryMechanicalArm-1.21.1-neoforge\src\main\java\euphy\upo\sentrymechanicalarm\datag
en\SentryRecipeProvider.java:407: 閿欒: 瀵逛簬Ingredient(Stream<ItemValue>), 鎵句笉鍒板悎閫傜殑鏋勯€犲櫒
          return new Ingredient(java.util.stream.Stream.of(new Ingredient.ItemValue(stack))) {
                 ^
      鏋勯€犲櫒 Ingredient.Ingredient(Stream<? extends Value>)涓嶉€傜敤
        (Ingredient(Stream<? extends Value>) 鍦?Ingredient 涓槸 private 璁块棶鎺у埗)
      鏋勯€犲櫒 Ingredient.Ingredient(Value[])涓嶉€傜敤
        (鍙傛暟涓嶅尮閰? 涓嶅瓨鍦ㄧ被鍨嬪彉閲廡鐨勫疄渚? 浠ヤ娇Stream<T>涓嶸alue[]涓€鑷?
      鏋勯€犲櫒 Ingredient.Ingredient(ICustomIngredient)涓嶉€傜敤
        (鍙傛暟涓嶅尮閰? 涓嶅瓨鍦ㄧ被鍨嬪彉閲廡鐨勫疄渚? 浠ヤ娇Stream<T>涓嶪CustomIngredient涓€鑷?
    鍏朵腑, T鏄被鍨嬪彉閲?
      T鎵╁睍宸插湪鏂规硶 <T>of(T)涓０鏄庣殑ObjectC:\Users\m\Downloads\绉绘\Create-SentryMechanicalArm-1.21.1-neoforge\src\main\java\
euphy\upo\sentrymechanicalarm\content\SentryArmBlockEntity.java:1618: 閿欒: 鏂规硶涓嶄細瑕嗙洊鎴栧疄鐜拌秴绫诲瀷鐨勬柟娉?      @Override
      ^
  C:\Users\m\Downloads\绉绘\Create-SentryMechanicalArm-1.21.1-neoforge\src\main\java\euphy\upo\sentrymechanicalarm\conte
nt\SentryArmBlockEntity.java:1722: 閿欒: 鏂规硶涓嶄細瑕嗙洊鎴栧疄鐜拌秴绫诲瀷鐨勬柟娉?              @Override
              ^
  C:\Users\m\Downloads\绉绘\Create-SentryMechanicalArm-1.21.1-neoforge\src\main\java\euphy\upo\sentrymechanicalarm\datag
en\SentryRecipeProvider.java:408: 閿欒: 鏂规硶涓嶄細瑕嗙洊鎴栧疄鐜拌秴绫诲瀷鐨勬柟娉?              @Override
              ^
  C:\Users\m\Downloads\绉绘\Create-SentryMechanicalArm-1.21.1-neoforge\src\main\java\euphy\upo\sentrymechanicalarm\recip
e\ClipboardCopyRecipe.java:22: 閿欒: 鏂规硶涓嶄細瑕嗙洊鎴栧疄鐜拌秴绫诲瀷鐨勬柟娉?      @Override
      ^
  C:\Users\m\Downloads\绉绘\Create-SentryMechanicalArm-1.21.1-neoforge\src\main\java\euphy\upo\sentrymechanicalarm\recip
e\ClipboardCopyRecipe.java:49: 閿欒: 鏂规硶涓嶄細瑕嗙洊鎴栧疄鐜拌秴绫诲瀷鐨勬柟娉?      @Override
      ^C:\Users\m\Downloads\绉绘\Create-SentryMechanicalArm-1.21.1-neoforge\src\main\java\euphy\upo\sentrymechanicalarm\
content\SentryArmBlockEntity.java:1590: 閿欒: 涓嶅吋瀹圭殑绫诲瀷: Optional<BlockPos>鏃犳硶杞崲涓築lockPos
              this.cachedTargetBlock = NbtUtils.readBlockPos(compound, "TargetBlock");
                                                            ^
  C:\Users\m\Downloads\绉绘\Create-SentryMechanicalArm-1.21.1-neoforge\src\main\java\euphy\upo\sentrymechanicalarm\conte
nt\SentryArmBlockEntity.java:1595: 閿欒: 涓嶅吋瀹圭殑绫诲瀷: Optional<BlockPos>鏃犳硶杞崲涓築lockPos
              this.connectedFireControlPos = NbtUtils.readBlockPos(compound, "FireControlPos");
                                                                  ^
  C:\Users\m\Downloads\绉绘\Create-SentryMechanicalArm-1.21.1-neoforge\src\main\java\euphy\upo\sentrymechanicalarm\conte
nt\SentryArmBlockEntity.java:1623: 閿欒: 涓嶅吋瀹圭殑绫诲瀷: CompoundTag鏃犳硶杞崲涓篜rovider
              compound.put("SentryHeldItem", heldItem.save(new CompoundTag()));
                                                           ^
  C:\Users\m\Downloads\绉绘\Create-SentryMechanicalArm-1.21.1-neoforge\src\main\java\euphy\upo\sentrymechanicalarm\netwo
rk\SentryRecordTargetPacket.java:23: 閿欒: 涓嶅吋瀹圭殑绫诲瀷: 涓嶅瓨鍦ㄧ被鍨嬪彉閲廜鐨勫疄渚? 浠ヤ娇StreamCodec<ByteBuf,O>涓嶴treamCodec<FriendlyByt
eBuf,SentryRecordTargetPacket>涓€鑷?      public static final StreamCodec<FriendlyByteBuf, SentryRecordTargetPacket> CODE
C = ByteBufCodecs.VAR_INT.map(
                                                                                                                  ^
    鍏朵腑, O,V,B鏄被鍨嬪彉閲?
      O鎵╁睍宸插湪鏂规硶 <O>map(Function<? super V,? extends O>,Function<? super O,? extends V>)涓０鏄庣殑Object
      V鎵╁睍宸插湪鎺ュ彛 StreamCodec涓０鏄庣殑Object
      B鎵╁睍宸插湪鎺ュ彛 StreamCodec涓０鏄庣殑Object璀﹀憡: 鏈煡鐨勬灇涓惧父閲?Dist.CLIENT
  璀﹀憡: 鏈煡鐨勬灇涓惧父閲?Dist.CLIENT
  璀﹀憡: 鏈煡鐨勬灇涓惧父閲?Dist.CLIENT
  璀﹀憡: 鏈煡鐨勬灇涓惧父閲?Dist.CLIENT
  璀﹀憡: 鏈煡鐨勬灇涓惧父閲?Dist.CLIENT
  璀﹀憡: 鏈煡鐨勬灇涓惧父閲?Dist.CLIENT
  璀﹀憡: 鏈煡鐨勬灇涓惧父閲?Dist.CLIENT
  璀﹀憡: 鏈煡鐨勬灇涓惧父閲?Dist.CLIENT
  璀﹀憡: 鏈煡鐨勬灇涓惧父閲?Dist.CLIENT
  璀﹀憡: 鏈煡鐨勬灇涓惧父閲?Dist.CLIENT
  璀﹀憡: 鏈煡鐨勬灇涓惧父閲?Dist.CLIENT
  璀﹀憡: 鏈煡鐨勬灇涓惧父閲?Dist.CLIENT
  璀﹀憡: 鏈煡鐨勬灇涓惧父閲?Dist.CLIENT
  璀﹀憡: 鏈煡鐨勬灇涓惧父閲?Dist.CLIENTC:\Users\m\Downloads\绉绘\Create-SentryMechanicalArm-1.21.1-neoforge\src\main\java\euphy\up
o\sentrymechanicalarm\content\BlazeFireControlBlockItem.java:18: 璀﹀憡: [removal] Item 涓殑 initializeClient(Consumer<ICli
entItemExtensions>) 宸茶繃鏃? 涓旀爣璁颁负寰呭垹闄?      public void initializeClient(Consumer<IClientItemExtensions> consumer) {
                  ^C:\Users\m\Downloads\绉绘\Create-SentryMechanicalArm-1.21.1-neoforge\src\main\java\euphy\upo\sentryme
chanicalarm\content\SentryEventHandler.java:44: 閿欒: 鏃犳硶璁块棶Event
          if (event.getLevel().isClientSide()) return;
                   ^
    鎵句笉鍒皀et.minecraftforge.eventbus.api.Event鐨勭被鏂囦欢
  C:\Users\m\Downloads\绉绘\Create-SentryMechanicalArm-1.21.1-neoforge\src\main\java\euphy\upo\sentrymechanicalarm\conte
nt\SentryEventHandler.java:87: 閿欒: 鏃犳硶璁块棶ItemEntry
                          ItemStack nuggets = new ItemStack(AllItems.EXP_NUGGET.get(), nuggetCount);
                                                                               ^
    鎵句笉鍒癱om.tterrag.registrate.util.entry.ItemEntry鐨勭被鏂囦欢
  C:\Users\m\Downloads\绉绘\Create-SentryMechanicalArm-1.21.1-neoforge\src\main\java\euphy\upo\sentrymechanicalarm\datag
en\SentryRecipeProvider.java:256: 閿欒: 鏃犳硶璁块棶BlockEntry
                  .unlockedBy("has_mechanical_arm", has(AllBlocks.MECHANICAL_ARM.get()))
                                                                                ^
    鎵句笉鍒癱om.tterrag.registrate.util.entry.BlockEntry鐨勭被鏂囦欢
  C:\Users\m\Downloads\绉绘\Create-SentryMechanicalArm-1.21.1-neoforge\src\main\java\euphy\upo\sentrymechanicalarm\datag
en\SentryRecipeProvider.java:254: 閿欒: 鏃犳硶璁块棶BlockEntry
                  .requires(AllBlocks.MECHANICAL_ARM.get())
                                                    ^
    鎵句笉鍒癱om.tterrag.registrate.util.entry.BlockEntry鐨勭被鏂囦欢C:\Users\m\Downloads\绉绘\Create-SentryMechanicalArm-1.21.1-ne
oforge\src\main\java\euphy\upo\sentrymechanicalarm\recipe\ClipboardCopyRecipe.java:16: 閿欒: ClipboardCopyRecipe涓嶆槸鎶借薄鐨?
 骞朵笖鏈鐩朢ecipe涓殑鎶借薄鏂规硶assemble(CraftingInput,Provider)
  public class ClipboardCopyRecipe extends CustomRecipe {
         ^璀﹀憡: 鏈煡鐨勬灇涓惧父閲?Dist.CLIENT
    鍘熷洜: 鎵句笉鍒皀et.minecraftforge.api.distmarker.Dist鐨勭被鏂囦欢C:\Users\m\Downloads\绉绘\Create-SentryMechanicalArm-1.21.1-neo
forge\src\main\java\euphy\upo\sentrymechanicalarm\registry\SentryPartialModels.java:18: 閿欒: ResourceLocation(String,St
ring) 鍦?ResourceLocation 涓槸 private 璁块棶鎺у埗
                  new ResourceLocation (SentryMechanicalArm.MODID, "block/" + path)
                  ^娉? 鏌愪簺娑堟伅宸茬粡杩囩畝鍖? 璇蜂娇鐢?-Xdiags:verbose 閲嶆柊缂栬瘧浠ヨ幏寰楀畬鏁磋緭鍑篊:\Users\m\Downloads\绉绘\Create-SentryMechani
calArm-1.21.1-neoforge\src\main\java\euphy\upo\sentrymechanicalarm\datagen\SentryRecipeProvider.java:329: 閿欒: Processi
ngRecipeBuilder鏄娊璞＄殑; 鏃犳硶瀹炰緥鍖?          new ProcessingRecipeBuilder<>(CuttingRecipe::new,
          ^
  C:\Users\m\Downloads\绉绘\Create-SentryMechanicalArm-1.21.1-neoforge\src\main\java\euphy\upo\sentrymechanicalarm\datag
en\SentryRecipeProvider.java:337: 閿欒: ProcessingRecipeBuilder鏄娊璞＄殑; 鏃犳硶瀹炰緥鍖?          new ProcessingRecipeBuilder<>(D
eployerApplicationRecipe::new,
          ^
  C:\Users\m\Downloads\绉绘\Create-SentryMechanicalArm-1.21.1-neoforge\src\main\java\euphy\upo\sentrymechanicalarm\recip
e\DynamicRecipeManager.java:52: 閿欒: ProcessingRecipeBuilder鏄娊璞＄殑; 鏃犳硶瀹炰緥鍖?          CuttingRecipe recipe = new Proces
singRecipeBuilder<>(CuttingRecipe::new, recipeId)
                                 ^C:\Users\m\Downloads\绉绘\Create-SentryMechanicalArm-1.21.1-neoforge\src\main\java\eup
hy\upo\sentrymechanicalarm\content\SentryArmBlockEntity.java:1620: 閿欒: 鏃犳硶灏嗙被 KineticBlockEntity涓殑鏂规硶 write搴旂敤鍒扮粰瀹氱被鍨
?
          super.write(compound, clientPacket);
               ^
    闇€瑕? CompoundTag,Provider,boolean
    鎵惧埌:    CompoundTag,boolean
    鍘熷洜: 瀹為檯鍙傛暟鍒楄〃鍜屽舰寮忓弬鏁板垪琛ㄩ暱搴︿笉鍚?
  C:\Users\m\Downloads\绉绘\Create-SentryMechanicalArm-1.21.1-neoforge\src\main\java\euphy\upo\sentrymechanicalarm\conte
nt\SentryArmRenderer.java:552: 閿欒: 鏃犳硶灏嗙被 ContainerHelper涓殑鏂规硶 loadAllItems搴旂敤鍒扮粰瀹氱被鍨?
                      net.minecraft.world.ContainerHelper.loadAllItems(context.blockEntityData.getCompound("SentryAmmoB
oxes"), newBE.attachedAmmoBoxes);
                                                         ^
    闇€瑕? CompoundTag,NonNullList<ItemStack>,Provider
    鎵惧埌:    CompoundTag,NonNullList<ItemStack>
    鍘熷洜: 瀹為檯鍙傛暟鍒楄〃鍜屽舰寮忓弬鏁板垪琛ㄩ暱搴︿笉鍚?
  C:\Users\m\Downloads\绉绘\Create-SentryMechanicalArm-1.21.1-neoforge\src\main\java\euphy\upo\sentrymechanicalarm\conte
nt\SentryMovementBehaviour.java:67: 閿欒: 鏃犳硶灏嗙被 SentryArmBlockEntity涓殑鏂规硶 read搴旂敤鍒扮粰瀹氱被鍨?
          virtualBE.read(context.blockEntityData, false);
                   ^
    闇€瑕? CompoundTag,Provider,boolean
    鎵惧埌:    CompoundTag,boolean
    鍘熷洜: 瀹為檯鍙傛暟鍒楄〃鍜屽舰寮忓弬鏁板垪琛ㄩ暱搴︿笉鍚?
  C:\Users\m\Downloads\绉绘\Create-SentryMechanicalArm-1.21.1-neoforge\src\main\java\euphy\upo\sentrymechanicalarm\conte
nt\SentryMovementBehaviour.java:85: 閿欒: 鏃犳硶灏嗙被 SentryArmBlockEntity涓殑鏂规硶 read搴旂敤鍒扮粰瀹氱被鍨?
              virtualBE.read(context.blockEntityData, false);
                       ^
    闇€瑕? CompoundTag,Provider,boolean
    鎵惧埌:    CompoundTag,boolean
    鍘熷洜: 瀹為檯鍙傛暟鍒楄〃鍜屽舰寮忓弬鏁板垪琛ㄩ暱搴︿笉鍚?
  C:\Users\m\Downloads\绉绘\Create-SentryMechanicalArm-1.21.1-neoforge\src\main\java\euphy\upo\sentrymechanicalarm\datag
en\DataGenerators.java:12: 閿欒: 鏃犳硶灏嗙被 SentryRecipeProvider涓殑鏋勯€犲櫒 SentryRecipeProvider搴旂敤鍒扮粰瀹氱被鍨?
          generator.addProvider(true, new SentryRecipeProvider(packOutput));
                                      ^
    闇€瑕? PackOutput,CompletableFuture<Provider>
    鎵惧埌:    PackOutput
    鍘熷洜: 瀹為檯鍙傛暟鍒楄〃鍜屽舰寮忓弬鏁板垪琛ㄩ暱搴︿笉鍚?
  C:\Users\m\Downloads\绉绘\Create-SentryMechanicalArm-1.21.1-neoforge\src\main\java\euphy\upo\sentrymechanicalarm\mixin
\InteractKeyMixin.java:25: 閿欒: 鏃犳硶灏嗚褰?SentryInteractPacket涓殑鏋勯€犲櫒 SentryInteractPacket搴旂敤鍒扮粰瀹氱被鍨?
              PacketDistributor.sendToServer(new SentryInteractPacket(blockPos));
                                             ^
    闇€瑕? BlockPos,InteractionHand,boolean
    鎵惧埌:    BlockPos
    鍘熷洜: 瀹為檯鍙傛暟鍒楄〃鍜屽舰寮忓弬鏁板垪琛ㄩ暱搴︿笉鍚?
  C:\Users\m\Downloads\绉绘\Create-SentryMechanicalArm-1.21.1-neoforge\src\main\java\euphy\upo\sentrymechanicalarm\recip
e\ClipboardCopyRecipe.java:19: 閿欒: 鏃犳硶灏嗙被 CustomRecipe涓殑鏋勯€犲櫒 CustomRecipe搴旂敤鍒扮粰瀹氱被鍨?
          super(id, category);
          ^
    闇€瑕? CraftingBookCategory
    鎵惧埌:    ResourceLocation,CraftingBookCategory
    鍘熷洜: 瀹為檯鍙傛暟鍒楄〃鍜屽舰寮忓弬鏁板垪琛ㄩ暱搴︿笉鍚?
  C:\Users\m\Downloads\绉绘\Create-SentryMechanicalArm-1.21.1-neoforge\src\main\java\euphy\upo\sentrymechanicalarm\regis
try\SentryPaintings.java:17: 閿欒: 鏃犳硶灏嗚褰?PaintingVariant涓殑鏋勯€犲櫒 PaintingVariant搴旂敤鍒扮粰瀹氱被鍨?
              PAINTING_VARIANTS.register("sentry_ops", () -> new PaintingVariant(32, 32));
                                                             ^
    闇€瑕? int,int,ResourceLocation
    鎵惧埌:    int,int
    鍘熷洜: 瀹為檯鍙傛暟鍒楄〃鍜屽舰寮忓弬鏁板垪琛ㄩ暱搴︿笉鍚孋:\Users\m\Downloads\绉绘\Create-SentryMechanicalArm-1.21.1-neoforge\src\main\java\eup
hy\upo\sentrymechanicalarm\content\SentryArmRenderer.java:346: 閿欒: 鎵句笉鍒扮鍙?          consumer.vertex(pose, x, y, z)
                  ^
    绗﹀彿:   鏂规硶 vertex(Matrix4f,float,float,float)
    浣嶇疆: 绫诲瀷涓篤ertexConsumer鐨勫彉閲?consumer
  C:\Users\m\Downloads\绉绘\Create-SentryMechanicalArm-1.21.1-neoforge\src\main\java\euphy\upo\sentrymechanicalarm\conte
nt\SentryArmRenderer.java:549: 閿欒: 鎵句笉鍒扮鍙?                      newBE.setHeldItem(ItemStack.of(context.blockEntityDat
a.getCompound("SentryHeldItem")));
                                                 ^
    绗﹀彿:   鏂规硶 of(CompoundTag)
    浣嶇疆: 绫?ItemStack
  C:\Users\m\Downloads\绉绘\Create-SentryMechanicalArm-1.21.1-neoforge\src\main\java\euphy\upo\sentrymechanicalarm\conte
nt\SentryArmRenderer.java:910: 閿欒: 鎵句笉鍒扮鍙?          consumer.vertex(pose, x, y, z)
                  ^
    绗﹀彿:   鏂规硶 vertex(Matrix4f,float,float,float)
    浣嶇疆: 绫诲瀷涓篤ertexConsumer鐨勫彉閲?consumer
  C:\Users\m\Downloads\绉绘\Create-SentryMechanicalArm-1.21.1-neoforge\src\main\java\euphy\upo\sentrymechanicalarm\conte
nt\SentryInteractionEvents.java:89: 閿欒: 鎵句笉鍒扮鍙?              CompoundTag tag = stack.getOrCreateTag();
                                     ^
    绗﹀彿:   鏂规硶 getOrCreateTag()
    浣嶇疆: 绫诲瀷涓篒temStack鐨勫彉閲?stack
  C:\Users\m\Downloads\绉绘\Create-SentryMechanicalArm-1.21.1-neoforge\src\main\java\euphy\upo\sentrymechanicalarm\conte
nt\UnfinishedAmmoItem.java:21: 閿欒: 鎵句笉鍒扮鍙?          if (stack.hasTag() && stack.getTag().contains("AmmoId")) {
                   ^
    绗﹀彿:   鏂规硶 hasTag()
    浣嶇疆: 绫诲瀷涓篒temStack鐨勫彉閲?stack
  C:\Users\m\Downloads\绉绘\Create-SentryMechanicalArm-1.21.1-neoforge\src\main\java\euphy\upo\sentrymechanicalarm\conte
nt\UnfinishedAmmoItem.java:21: 閿欒: 鎵句笉鍒扮鍙?          if (stack.hasTag() && stack.getTag().contains("AmmoId")) {
                                     ^
    绗﹀彿:   鏂规硶 getTag()
    浣嶇疆: 绫诲瀷涓篒temStack鐨勫彉閲?stack
  C:\Users\m\Downloads\绉绘\Create-SentryMechanicalArm-1.21.1-neoforge\src\main\java\euphy\upo\sentrymechanicalarm\conte
nt\UnfinishedAmmoItem.java:22: 閿欒: 鎵句笉鍒扮鍙?              String ammoIdStr = stack.getTag().getString("AmmoId");
                                      ^
    绗﹀彿:   鏂规硶 getTag()
    浣嶇疆: 绫诲瀷涓篒temStack鐨勫彉閲?stack
  C:\Users\m\Downloads\绉绘\Create-SentryMechanicalArm-1.21.1-neoforge\src\main\java\euphy\upo\sentrymechanicalarm\conte
nt\UnfinishedAmmoItem.java:24: 閿欒: 鎵句笉鍒扮鍙?                  cachedTacZAmmoItem = BuiltInRegistries.ITEM.getValue(Reso
urceLocation.fromNamespaceAndPath("tacz", "ammo"));
                                                             ^
    绗﹀彿:   鏂规硶 getValue(ResourceLocation)
    浣嶇疆: 绫诲瀷涓篋efaultedRegistry<Item>鐨勫彉閲?ITEM
  C:\Users\m\Downloads\绉绘\Create-SentryMechanicalArm-1.21.1-neoforge\src\main\java\euphy\upo\sentrymechanicalarm\conte
nt\UnfinishedAmmoItem.java:31: 閿欒: 鎵句笉鍒扮鍙?                  dummyStack.setTag(tag);
                            ^
    绗﹀彿:   鏂规硶 setTag(CompoundTag)
    浣嶇疆: 绫诲瀷涓篒temStack鐨勫彉閲?dummyStack
  C:\Users\m\Downloads\绉绘\Create-SentryMechanicalArm-1.21.1-neoforge\src\main\java\euphy\upo\sentrymechanicalarm\datag
en\SentryRecipeProvider.java:300: 閿欒: 鎵句笉鍒扮鍙?          Item taczAmmoItem = BuiltInRegistries.ITEM.getValue(ResourceLo
cation.fromNamespaceAndPath("tacz", "ammo"));
                                                    ^
    绗﹀彿:   鏂规硶 getValue(ResourceLocation)
    浣嶇疆: 绫诲瀷涓篋efaultedRegistry<Item>鐨勫彉閲?ITEM
  C:\Users\m\Downloads\绉绘\Create-SentryMechanicalArm-1.21.1-neoforge\src\main\java\euphy\upo\sentrymechanicalarm\datag
en\SentryRecipeProvider.java:415: 閿欒: 鎵句笉鍒扮鍙?                  if (stack.hasTag()) {
                           ^
    绗﹀彿:   鏂规硶 hasTag()
    浣嶇疆: 绫诲瀷涓篒temStack鐨勫彉閲?stack
  C:\Users\m\Downloads\绉绘\Create-SentryMechanicalArm-1.21.1-neoforge\src\main\java\euphy\upo\sentrymechanicalarm\datag
en\SentryRecipeProvider.java:416: 閿欒: 鎵句笉鍒扮鍙?                      json.add("nbt", NbtOps.INSTANCE.convertTo(JsonOps.
INSTANCE, stack.getTag()));
                                                                                       ^
    绗﹀彿:   鏂规硶 getTag()
    浣嶇疆: 绫诲瀷涓篒temStack鐨勫彉閲?stack
  C:\Users\m\Downloads\绉绘\Create-SentryMechanicalArm-1.21.1-neoforge\src\main\java\euphy\upo\sentrymechanicalarm\mixin
\BeltDeployerCallbacksMixin.java:59: 閿欒: 鎵句笉鍒扮鍙?                  CompoundTag tag = boxStack.getTag();
                                            ^
    绗﹀彿:   鏂规硶 getTag()
    浣嶇疆: 绫诲瀷涓篒temStack鐨勫彉閲?boxStack
  C:\Users\m\Downloads\绉绘\Create-SentryMechanicalArm-1.21.1-neoforge\src\main\java\euphy\upo\sentrymechanicalarm\mixin
\DeployerHandlerMixin.java:66: 閿欒: 鎵句笉鍒扮鍙?                          CompoundTag tag = stack.getTag();
                                                 ^
    绗﹀彿:   鏂规硶 getTag()
    浣嶇疆: 绫诲瀷涓篒temStack鐨勫彉閲?stack
  C:\Users\m\Downloads\绉绘\Create-SentryMechanicalArm-1.21.1-neoforge\src\main\java\euphy\upo\sentrymechanicalarm\mixin
\DeployerHandlerMixin.java:131: 閿欒: 鎵句笉鍒扮鍙?                      unfinished.setTag(tag);
                                ^
    绗﹀彿:   鏂规硶 setTag(CompoundTag)
    浣嶇疆: 绫诲瀷涓篒temStack鐨勫彉閲?unfinished
  C:\Users\m\Downloads\绉绘\Create-SentryMechanicalArm-1.21.1-neoforge\src\main\java\euphy\upo\sentrymechanicalarm\mixin
\DeployerHandlerMixin.java:181: 閿欒: 鎵句笉鍒扮鍙?              CompoundTag tag = newBoxStack.getOrCreateTag();
                                           ^
    绗﹀彿:   鏂规硶 getOrCreateTag()
    浣嶇疆: 绫诲瀷涓篒temStack鐨勫彉閲?newBoxStack
  C:\Users\m\Downloads\绉绘\Create-SentryMechanicalArm-1.21.1-neoforge\src\main\java\euphy\upo\sentrymechanicalarm\netwo
rk\ClipboardPacket.java:37: 閿欒: 鎵句笉鍒扮鍙?                  CompoundTag tag = stack.getOrCreateTag();
                                         ^
    绗﹀彿:   鏂规硶 getOrCreateTag()
    浣嶇疆: 绫诲瀷涓篒temStack鐨勫彉閲?stack
  C:\Users\m\Downloads\绉绘\Create-SentryMechanicalArm-1.21.1-neoforge\src\main\java\euphy\upo\sentrymechanicalarm\netwo
rk\ClipboardPacket.java:40: 閿欒: 鎵句笉鍒扮鍙?                  stack.setTag(tag);
                       ^
    绗﹀彿:   鏂规硶 setTag(CompoundTag)
    浣嶇疆: 绫诲瀷涓篒temStack鐨勫彉閲?stack
  C:\Users\m\Downloads\绉绘\Create-SentryMechanicalArm-1.21.1-neoforge\src\main\java\euphy\upo\sentrymechanicalarm\netwo
rk\ClipboardPacket.java:47: 閿欒: 鎵句笉鍒扮鍙?                  if (stack.hasTag() && stack.getTag().contains("TargetList", 
9)) {
                           ^
    绗﹀彿:   鏂规硶 hasTag()
    浣嶇疆: 绫诲瀷涓篒temStack鐨勫彉閲?stack
  C:\Users\m\Downloads\绉绘\Create-SentryMechanicalArm-1.21.1-neoforge\src\main\java\euphy\upo\sentrymechanicalarm\netwo
rk\ClipboardPacket.java:47: 閿欒: 鎵句笉鍒扮鍙?                  if (stack.hasTag() && stack.getTag().contains("TargetList", 
9)) {
                                             ^
    绗﹀彿:   鏂规硶 getTag()
    浣嶇疆: 绫诲瀷涓篒temStack鐨勫彉閲?stack
  C:\Users\m\Downloads\绉绘\Create-SentryMechanicalArm-1.21.1-neoforge\src\main\java\euphy\upo\sentrymechanicalarm\netwo
rk\ClipboardPacket.java:48: 閿欒: 鎵句笉鍒扮鍙?                      ListTag list = stack.getTag().getList("TargetList", 8);
                                          ^
    绗﹀彿:   鏂规硶 getTag()
    浣嶇疆: 绫诲瀷涓篒temStack鐨勫彉閲?stack
  C:\Users\m\Downloads\绉绘\Create-SentryMechanicalArm-1.21.1-neoforge\src\main\java\euphy\upo\sentrymechanicalarm\netwo
rk\SentryInteractPacket.java:35: 閿欒: 鎵句笉鍒扮鍙?              sentry.interact(msg.hand(), msg.isAttack(), player);
                    ^
    绗﹀彿:   鏂规硶 interact(InteractionHand,boolean,ServerPlayer)
    浣嶇疆: 绫诲瀷涓篠entryArmBlockEntity鐨勫彉閲?sentry
  C:\Users\m\Downloads\绉绘\Create-SentryMechanicalArm-1.21.1-neoforge\src\main\java\euphy\upo\sentrymechanicalarm\netwo
rk\SentryRecordTargetPacket.java:47: 閿欒: 鎵句笉鍒扮鍙?          CompoundTag tag = stack.getOrCreateTag();
                                 ^
    绗﹀彿:   鏂规硶 getOrCreateTag()
    浣嶇疆: 绫诲瀷涓篒temStack鐨勫彉閲?stack
  C:\Users\m\Downloads\绉绘\Create-SentryMechanicalArm-1.21.1-neoforge\src\main\java\euphy\upo\sentrymechanicalarm\ponde
r\scene\SentryMechanicalArmScene.java:49: 閿欒: 鎵句笉鍒扮鍙?          Item ammoItem = BuiltInRegistries.ITEM.getValue(Resour
ceLocation.fromNamespaceAndPath("tacz", "ammo_box"));
                                                ^
    绗﹀彿:   鏂规硶 getValue(ResourceLocation)
    浣嶇疆: 绫诲瀷涓篋efaultedRegistry<Item>鐨勫彉閲?ITEM
  C:\Users\m\Downloads\绉绘\Create-SentryMechanicalArm-1.21.1-neoforge\src\main\java\euphy\upo\sentrymechanicalarm\ponde
r\scene\SentryMechanicalArmScene.java:191: 閿欒: 鎵句笉鍒扮鍙?          Item ammoItem = BuiltInRegistries.ITEM.getValue(Resou
rceLocation.fromNamespaceAndPath("tacz", "ammo_box"));
                                                ^
    绗﹀彿:   鏂规硶 getValue(ResourceLocation)
    浣嶇疆: 绫诲瀷涓篋efaultedRegistry<Item>鐨勫彉閲?ITEM
  C:\Users\m\Downloads\绉绘\Create-SentryMechanicalArm-1.21.1-neoforge\src\main\java\euphy\upo\sentrymechanicalarm\ponde
r\scene\SentryMechanicalArmScene.java:193: 閿欒: 鎵句笉鍒扮鍙?          CompoundTag tag = ammoStack.getOrCreateTag();
                                     ^
    绗﹀彿:   鏂规硶 getOrCreateTag()
    浣嶇疆: 绫诲瀷涓篒temStack鐨勫彉閲?ammoStack
  C:\Users\m\Downloads\绉绘\Create-SentryMechanicalArm-1.21.1-neoforge\src\main\java\euphy\upo\sentrymechanicalarm\ponde
r\scene\SentryMechanicalArmScene.java:197: 閿欒: 鎵句笉鍒扮鍙?          Item ammo = BuiltInRegistries.ITEM.getValue(ResourceL
ocation.fromNamespaceAndPath("tacz", "ammo"));
                                            ^
    绗﹀彿:   鏂规硶 getValue(ResourceLocation)
    浣嶇疆: 绫诲瀷涓篋efaultedRegistry<Item>鐨勫彉閲?ITEM
  C:\Users\m\Downloads\绉绘\Create-SentryMechanicalArm-1.21.1-neoforge\src\main\java\euphy\upo\sentrymechanicalarm\ponde
r\scene\SentryMechanicalArmScene.java:199: 閿欒: 鎵句笉鍒扮鍙?          ammo_Stack.getOrCreateTag().putString("AmmoId", "tacz
:58x42");
                    ^
    绗﹀彿:   鏂规硶 getOrCreateTag()
    浣嶇疆: 绫诲瀷涓篒temStack鐨勫彉閲?ammo_Stack
  C:\Users\m\Downloads\绉绘\Create-SentryMechanicalArm-1.21.1-neoforge\src\main\java\euphy\upo\sentrymechanicalarm\ponde
r\scene\SentryMechanicalArmScene.java:296: 閿欒: 鎵句笉鍒扮鍙?              nbt.put("HeldItem", ammo_Stack.serializeNBT());
                                            ^
    绗﹀彿:   鏂规硶 serializeNBT()
    浣嶇疆: 绫诲瀷涓篒temStack鐨勫彉閲?ammo_Stack
  C:\Users\m\Downloads\绉绘\Create-SentryMechanicalArm-1.21.1-neoforge\src\main\java\euphy\upo\sentrymechanicalarm\ponde
r\scene\SentryMechanicalArmScene.java:299: 閿欒: 鎵句笉鍒扮鍙?              nbt.put("HeldItem", ammo_Stack.serializeNBT());
                                            ^
    绗﹀彿:   鏂规硶 serializeNBT()
    浣嶇疆: 绫诲瀷涓篒temStack鐨勫彉閲?ammo_Stack
  C:\Users\m\Downloads\绉绘\Create-SentryMechanicalArm-1.21.1-neoforge\src\main\java\euphy\upo\sentrymechanicalarm\ponde
r\scene\SentryMechanicalArmScene.java:364: 閿欒: 鎵句笉鍒扮鍙?          Item ammo = BuiltInRegistries.ITEM.getValue(ResourceL
ocation.fromNamespaceAndPath("tacz", "ammo"));
                                            ^
    绗﹀彿:   鏂规硶 getValue(ResourceLocation)
    浣嶇疆: 绫诲瀷涓篋efaultedRegistry<Item>鐨勫彉閲?ITEM
  C:\Users\m\Downloads\绉绘\Create-SentryMechanicalArm-1.21.1-neoforge\src\main\java\euphy\upo\sentrymechanicalarm\ponde
r\scene\SentryMechanicalArmScene.java:366: 閿欒: 鎵句笉鍒扮鍙?          ammo_Stack.getOrCreateTag().putString("AmmoId", "tacz
:58x42"); 
                    ^
    绗﹀彿:   鏂规硶 getOrCreateTag()
    浣嶇疆: 绫诲瀷涓篒temStack鐨勫彉閲?ammo_Stack
  C:\Users\m\Downloads\绉绘\Create-SentryMechanicalArm-1.21.1-neoforge\src\main\java\euphy\upo\sentrymechanicalarm\ponde
r\scene\SentryMechanicalArmScene.java:393: 閿欒: 鎵句笉鍒扮鍙?              nbt.put("HeldItem", ammo_Stack.serializeNBT());
                                            ^
    绗﹀彿:   鏂规硶 serializeNBT()
    浣嶇疆: 绫诲瀷涓篒temStack鐨勫彉閲?ammo_Stack
  C:\Users\m\Downloads\绉绘\Create-SentryMechanicalArm-1.21.1-neoforge\src\main\java\euphy\upo\sentrymechanicalarm\ponde
r\scene\SentryMechanicalArmScene.java:440: 閿欒: 鎵句笉鍒扮鍙?              nbt.put("Filter", filter.serializeNBT());
                                      ^
    绗﹀彿:   鏂规硶 serializeNBT()
    浣嶇疆: 绫诲瀷涓篒temStack鐨勫彉閲?filter
  C:\Users\m\Downloads\绉绘\Create-SentryMechanicalArm-1.21.1-neoforge\src\main\java\euphy\upo\sentrymechanicalarm\ponde
r\scene\SentryMechanicalArmScene.java:477: 閿欒: 鎵句笉鍒扮鍙?              nbt.put("HeldItem", sheet.serializeNBT());
                                       ^
    绗﹀彿:   鏂规硶 serializeNBT()
2 actionable tasks: 1 executed, 1 up-to-date
    浣嶇疆: 绫诲瀷涓篒temStack鐨勫彉閲?sheet
  C:\Users\m\Downloads\绉绘\Create-SentryMechanicalArm-1.21.1-neoforge\src\main\java\euphy\upo\sentrymechanicalarm\ponde
r\scene\SentryMechanicalArmScene.java:480: 閿欒: 鎵句笉鍒扮鍙?              nbt.put("HeldItem", sheet.serializeNBT());
                                       ^
    绗﹀彿:   鏂规硶 serializeNBT()
    浣嶇疆: 绫诲瀷涓篒temStack鐨勫彉閲?sheet
  C:\Users\m\Downloads\绉绘\Create-SentryMechanicalArm-1.21.1-neoforge\src\main\java\euphy\upo\sentrymechanicalarm\ponde
r\scene\SentryMechanicalArmScene.java:483: 閿欒: 鎵句笉鍒扮鍙?              nbt.put("HeldItem", sheet.serializeNBT());
                                       ^
    绗﹀彿:   鏂规硶 serializeNBT()
    浣嶇疆: 绫诲瀷涓篒temStack鐨勫彉閲?sheet
  C:\Users\m\Downloads\绉绘\Create-SentryMechanicalArm-1.21.1-neoforge\src\main\java\euphy\upo\sentrymechanicalarm\ponde
r\scene\SentryMechanicalArmScene.java:486: 閿欒: 鎵句笉鍒扮鍙?              nbt.put("HeldItem", gunPowder.serializeNBT());
                                           ^
    绗﹀彿:   鏂规硶 serializeNBT()
    浣嶇疆: 绫诲瀷涓篒temStack鐨勫彉閲?gunPowder
  C:\Users\m\Downloads\绉绘\Create-SentryMechanicalArm-1.21.1-neoforge\src\main\java\euphy\upo\sentrymechanicalarm\ponde
r\scene\SentryMechanicalArmScene.java:574: 閿欒: 鎵句笉鍒扮鍙?          Item ammoItem = BuiltInRegistries.ITEM.getValue(Resou
rceLocation.fromNamespaceAndPath("tacz", "ammo_box"));
                                                ^
    绗﹀彿:   鏂规硶 getValue(ResourceLocation)
    浣嶇疆: 绫诲瀷涓篋efaultedRegistry<Item>鐨勫彉閲?ITEM
  C:\Users\m\Downloads\绉绘\Create-SentryMechanicalArm-1.21.1-neoforge\src\main\java\euphy\upo\sentrymechanicalarm\ponde
r\scene\SentryMechanicalArmScene.java:639: 閿欒: 鎵句笉鍒扮鍙?          ItemStack stack = new ItemStack(BuiltInRegistries.ITE
M.getValue(ResourceLocation.fromNamespaceAndPath("tacz", "modern_kinetic_gun")));
                                                                ^
    绗﹀彿:   鏂规硶 getValue(ResourceLocation)
    浣嶇疆: 绫诲瀷涓篋efaultedRegistry<Item>鐨勫彉閲?ITEM
  C:\Users\m\Downloads\绉绘\Create-SentryMechanicalArm-1.21.1-neoforge\src\main\java\euphy\upo\sentrymechanicalarm\ponde
r\scene\SentryMechanicalArmScene.java:640: 閿欒: 鎵句笉鍒扮鍙?          stack.getOrCreateTag().putString("GunId", gunId);
               ^
    绗﹀彿:   鏂规硶 getOrCreateTag()
    浣嶇疆: 绫诲瀷涓篒temStack鐨勫彉閲?stack
  C:\Users\m\Downloads\绉绘\Create-SentryMechanicalArm-1.21.1-neoforge\src\main\java\euphy\upo\sentrymechanicalarm\recip
e\ClipboardCopyRecipe.java:84: 閿欒: 鎵句笉鍒扮鍙?          if (!stack.hasTag()) return false;
                    ^
    绗﹀彿:   鏂规硶 hasTag()
    浣嶇疆: 绫诲瀷涓篒temStack鐨勫彉閲?stack
  C:\Users\m\Downloads\绉绘\Create-SentryMechanicalArm-1.21.1-neoforge\src\main\java\euphy\upo\sentrymechanicalarm\recip
e\ClipboardCopyRecipe.java:85: 閿欒: 鎵句笉鍒扮鍙?          CompoundTag tag = stack.getTag();
                                 ^
    绗﹀彿:   鏂规硶 getTag()
    浣嶇疆: 绫诲瀷涓篒temStack鐨勫彉閲?stack
  C:\Users\m\Downloads\绉绘\Create-SentryMechanicalArm-1.21.1-neoforge\src\main\java\euphy\upo\sentrymechanicalarm\recip
e\DynamicRecipeManager.java:49: 閿欒: 鎵句笉鍒扮鍙?          CompoundTag tag = output.getOrCreateTag();
                                  ^
    绗﹀彿:   鏂规硶 getOrCreateTag()
    浣嶇疆: 绫诲瀷涓篒temStack鐨勫彉閲?output
  C:\Users\m\Downloads\绉绘\Create-SentryMechanicalArm-1.21.1-neoforge\src\main\java\euphy\upo\sentrymechanicalarm\recip
e\DynamicRecipeManager.java:70: 閿欒: 鎵句笉鍒扮鍙?              typeRecipes.put(recipe.getId(), recipe);
                                    ^
    绗﹀彿:   鏂规硶 getId()
    浣嶇疆: 绫诲瀷涓篟ecipe<?>鐨勫彉閲?recipe娉? C:\Users\m\Downloads\绉绘\Create-SentryMechanicalArm-1.21.1-neoforge\src\main\java\e
uphy\upo\sentrymechanicalarm\client\BlazeFireControlItemRenderer.java浣跨敤鎴栬鐩栦簡宸茶繃鏃剁殑 API銆侰:\Users\m\Downloads\绉绘\Creat
e-SentryMechanicalArm-1.21.1-neoforge\src\main\java\euphy\upo\sentrymechanicalarm\datagen\SentryRecipeProvider.java:407
: 閿欒: 鏃犳硶浠庢渶缁圛ngredient杩涜缁ф壙
          return new Ingredient(java.util.stream.Stream.of(new Ingredient.ItemValue(stack))) {
                     ^
  100 涓敊璇?
  16 涓鍛?

* Try:
> Check your code and dependencies to fix the compilation error(s)
> Run with --scan to get full insights.

BUILD FAILED in 10s
